Archive member included to satisfy reference by file (symbol)

/Users/lucabevivino/xpack_rv_gcc_15.2/bin/../lib/gcc/riscv-none-elf/15.2.0/../../../../riscv-none-elf/lib/rv32im/ilp32/libc.a(libc_a-memset.o)
                              ./FreeRTOS-Kernel/tasks.o (memset)
/Users/lucabevivino/xpack_rv_gcc_15.2/bin/../lib/gcc/riscv-none-elf/15.2.0/../../../../riscv-none-elf/lib/rv32im/ilp32/libc.a(libc_a-memcpy.o)
                              ./FreeRTOS-Kernel/queue.o (memcpy)
/Users/lucabevivino/xpack_rv_gcc_15.2/bin/../lib/gcc/riscv-none-elf/15.2.0/rv32im/ilp32/libgcc.a(_clzsi2.o)
                              ./FreeRTOS-Kernel/tasks.o (__clzsi2)
/Users/lucabevivino/xpack_rv_gcc_15.2/bin/../lib/gcc/riscv-none-elf/15.2.0/rv32im/ilp32/libgcc.a(_udivdi3.o)
                              ./uart/uart_hal.o (__udivdi3)
/Users/lucabevivino/xpack_rv_gcc_15.2/bin/../lib/gcc/riscv-none-elf/15.2.0/rv32im/ilp32/libgcc.a(_clz.o)
                              /Users/lucabevivino/xpack_rv_gcc_15.2/bin/../lib/gcc/riscv-none-elf/15.2.0/rv32im/ilp32/libgcc.a(_clzsi2.o) (__clz_tab)

Discarded input sections

 .data          0x00000000        0x0 startup.o
 .bss           0x00000000        0x0 startup.o
 .text          0x00000000        0x0 ./bare_metal_port/port_asm.o
 .data          0x00000000        0x0 ./bare_metal_port/port_asm.o
 .bss           0x00000000        0x0 ./bare_metal_port/port_asm.o
 .group         0x00000000        0xc ./FreeRTOS-Kernel/tasks.o
 .group         0x00000000        0xc ./FreeRTOS-Kernel/tasks.o
 .group         0x00000000        0xc ./FreeRTOS-Kernel/tasks.o
 .group         0x00000000        0xc ./FreeRTOS-Kernel/tasks.o
 .group         0x00000000        0xc ./FreeRTOS-Kernel/tasks.o
 .group         0x00000000        0xc ./FreeRTOS-Kernel/tasks.o
 .group         0x00000000        0xc ./FreeRTOS-Kernel/tasks.o
 .group         0x00000000        0xc ./FreeRTOS-Kernel/tasks.o
 .group         0x00000000        0xc ./FreeRTOS-Kernel/tasks.o
 .group         0x00000000        0xc ./FreeRTOS-Kernel/tasks.o
 .group         0x00000000        0xc ./FreeRTOS-Kernel/tasks.o
 .group         0x00000000        0xc ./FreeRTOS-Kernel/tasks.o
 .group         0x00000000        0xc ./FreeRTOS-Kernel/tasks.o
 .group         0x00000000        0xc ./FreeRTOS-Kernel/tasks.o
 .group         0x00000000        0xc ./FreeRTOS-Kernel/tasks.o
 .group         0x00000000        0xc ./FreeRTOS-Kernel/tasks.o
 .group         0x00000000        0xc ./FreeRTOS-Kernel/tasks.o
 .group         0x00000000        0xc ./FreeRTOS-Kernel/tasks.o
 .group         0x00000000        0xc ./FreeRTOS-Kernel/tasks.o
 .group         0x00000000        0xc ./FreeRTOS-Kernel/tasks.o
 .group         0x00000000        0xc ./FreeRTOS-Kernel/tasks.o
 .group         0x00000000        0xc ./FreeRTOS-Kernel/tasks.o
 .group         0x00000000        0xc ./FreeRTOS-Kernel/tasks.o
 .group         0x00000000        0xc ./FreeRTOS-Kernel/tasks.o
 .group         0x00000000        0xc ./FreeRTOS-Kernel/tasks.o
 .group         0x00000000        0xc ./FreeRTOS-Kernel/tasks.o
 .group         0x00000000        0xc ./FreeRTOS-Kernel/tasks.o
 .group         0x00000000        0xc ./FreeRTOS-Kernel/tasks.o
 .group         0x00000000        0xc ./FreeRTOS-Kernel/tasks.o
 .group         0x00000000        0xc ./FreeRTOS-Kernel/tasks.o
 .group         0x00000000        0xc ./FreeRTOS-Kernel/tasks.o
 .group         0x00000000        0xc ./FreeRTOS-Kernel/tasks.o
 .group         0x00000000        0xc ./FreeRTOS-Kernel/tasks.o
 .group         0x00000000        0xc ./FreeRTOS-Kernel/tasks.o
 .group         0x00000000        0xc ./FreeRTOS-Kernel/tasks.o
 .group         0x00000000        0xc ./FreeRTOS-Kernel/tasks.o
 .group         0x00000000        0xc ./FreeRTOS-Kernel/tasks.o
 .group         0x00000000        0xc ./FreeRTOS-Kernel/tasks.o
 .text          0x00000000        0x0 ./FreeRTOS-Kernel/tasks.o
 .data          0x00000000        0x0 ./FreeRTOS-Kernel/tasks.o
 .bss           0x00000000        0x0 ./FreeRTOS-Kernel/tasks.o
 .text.vTaskEndScheduler
                0x00000000       0x38 ./FreeRTOS-Kernel/tasks.o
 .text.xTaskGetTickCount
                0x00000000       0x34 ./FreeRTOS-Kernel/tasks.o
 .text.xTaskGetTickCountFromISR
                0x00000000       0x38 ./FreeRTOS-Kernel/tasks.o
 .text.uxTaskGetNumberOfTasks
                0x00000000       0x2c ./FreeRTOS-Kernel/tasks.o
 .text.pcTaskGetName
                0x00000000       0x50 ./FreeRTOS-Kernel/tasks.o
 .text.xTaskCatchUpTicks
                0x00000000       0x94 ./FreeRTOS-Kernel/tasks.o
 .text.vTaskPlaceOnEventList
                0x00000000       0x58 ./FreeRTOS-Kernel/tasks.o
 .text.vTaskPlaceOnUnorderedEventList
                0x00000000       0xd8 ./FreeRTOS-Kernel/tasks.o
 .text.xTaskRemoveFromEventList
                0x00000000      0x2f4 ./FreeRTOS-Kernel/tasks.o
 .text.vTaskRemoveFromUnorderedEventList
                0x00000000      0x264 ./FreeRTOS-Kernel/tasks.o
 .text.vTaskSetTimeOutState
                0x00000000       0x84 ./FreeRTOS-Kernel/tasks.o
 .text.vTaskInternalSetTimeOutState
                0x00000000       0x48 ./FreeRTOS-Kernel/tasks.o
 .text.xTaskCheckForTimeOut
                0x00000000      0x110 ./FreeRTOS-Kernel/tasks.o
 .text.vTaskMissedYield
                0x00000000       0x30 ./FreeRTOS-Kernel/tasks.o
 .text.xTaskGetCurrentTaskHandle
                0x00000000       0x34 ./FreeRTOS-Kernel/tasks.o
 .text.xTaskGetCurrentTaskHandleForCore
                0x00000000       0x4c ./FreeRTOS-Kernel/tasks.o
 .text.xTaskPriorityInherit
                0x00000000      0x25c ./FreeRTOS-Kernel/tasks.o
 .text.xTaskPriorityDisinherit
                0x00000000      0x1f8 ./FreeRTOS-Kernel/tasks.o
 .text.vTaskPriorityDisinheritAfterTimeout
                0x00000000      0x240 ./FreeRTOS-Kernel/tasks.o
 .text.uxTaskResetEventItemValue
                0x00000000       0x58 ./FreeRTOS-Kernel/tasks.o
 .text.pvTaskIncrementMutexHeldCount
                0x00000000       0x50 ./FreeRTOS-Kernel/tasks.o
 .text.ulTaskGenericNotifyTake
                0x00000000      0x1e8 ./FreeRTOS-Kernel/tasks.o
 .text.xTaskGenericNotifyWait
                0x00000000      0x250 ./FreeRTOS-Kernel/tasks.o
 .text.xTaskGenericNotify
                0x00000000      0x3b4 ./FreeRTOS-Kernel/tasks.o
 .text.xTaskGenericNotifyFromISR
                0x00000000      0x428 ./FreeRTOS-Kernel/tasks.o
 .text.vTaskGenericNotifyGiveFromISR
                0x00000000      0x2ec ./FreeRTOS-Kernel/tasks.o
 .text.xTaskGenericNotifyStateClear
                0x00000000       0xc8 ./FreeRTOS-Kernel/tasks.o
 .text.ulTaskGenericNotifyValueClear
                0x00000000       0xe8 ./FreeRTOS-Kernel/tasks.o
 .text.vTaskResetState
                0x00000000       0xa8 ./FreeRTOS-Kernel/tasks.o
 .group         0x00000000        0xc ./FreeRTOS-Kernel/list.o
 .group         0x00000000        0xc ./FreeRTOS-Kernel/list.o
 .group         0x00000000        0xc ./FreeRTOS-Kernel/list.o
 .group         0x00000000        0xc ./FreeRTOS-Kernel/list.o
 .group         0x00000000        0xc ./FreeRTOS-Kernel/list.o
 .group         0x00000000        0xc ./FreeRTOS-Kernel/list.o
 .group         0x00000000        0xc ./FreeRTOS-Kernel/list.o
 .group         0x00000000        0xc ./FreeRTOS-Kernel/list.o
 .group         0x00000000        0xc ./FreeRTOS-Kernel/list.o
 .group         0x00000000        0xc ./FreeRTOS-Kernel/list.o
 .group         0x00000000        0xc ./FreeRTOS-Kernel/list.o
 .group         0x00000000        0xc ./FreeRTOS-Kernel/list.o
 .group         0x00000000        0xc ./FreeRTOS-Kernel/list.o
 .group         0x00000000        0xc ./FreeRTOS-Kernel/list.o
 .group         0x00000000        0xc ./FreeRTOS-Kernel/list.o
 .group         0x00000000        0xc ./FreeRTOS-Kernel/list.o
 .group         0x00000000        0xc ./FreeRTOS-Kernel/list.o
 .group         0x00000000        0xc ./FreeRTOS-Kernel/list.o
 .group         0x00000000        0xc ./FreeRTOS-Kernel/list.o
 .group         0x00000000        0xc ./FreeRTOS-Kernel/list.o
 .group         0x00000000        0xc ./FreeRTOS-Kernel/list.o
 .group         0x00000000        0xc ./FreeRTOS-Kernel/list.o
 .group         0x00000000        0xc ./FreeRTOS-Kernel/list.o
 .group         0x00000000        0xc ./FreeRTOS-Kernel/list.o
 .group         0x00000000        0xc ./FreeRTOS-Kernel/list.o
 .group         0x00000000        0xc ./FreeRTOS-Kernel/list.o
 .group         0x00000000        0xc ./FreeRTOS-Kernel/list.o
 .group         0x00000000        0xc ./FreeRTOS-Kernel/list.o
 .group         0x00000000        0xc ./FreeRTOS-Kernel/list.o
 .group         0x00000000        0xc ./FreeRTOS-Kernel/list.o
 .group         0x00000000        0xc ./FreeRTOS-Kernel/list.o
 .group         0x00000000        0xc ./FreeRTOS-Kernel/list.o
 .group         0x00000000        0xc ./FreeRTOS-Kernel/list.o
 .text          0x00000000        0x0 ./FreeRTOS-Kernel/list.o
 .data          0x00000000        0x0 ./FreeRTOS-Kernel/list.o
 .bss           0x00000000        0x0 ./FreeRTOS-Kernel/list.o
 .text.vListInsertEnd
                0x00000000       0x90 ./FreeRTOS-Kernel/list.o
 .debug_macro   0x00000000      0x82c ./FreeRTOS-Kernel/list.o
 .debug_macro   0x00000000       0x19 ./FreeRTOS-Kernel/list.o
 .debug_macro   0x00000000       0x22 ./FreeRTOS-Kernel/list.o
 .debug_macro   0x00000000       0x68 ./FreeRTOS-Kernel/list.o
 .debug_macro   0x00000000       0x94 ./FreeRTOS-Kernel/list.o
 .debug_macro   0x00000000       0x3b ./FreeRTOS-Kernel/list.o
 .debug_macro   0x00000000       0x34 ./FreeRTOS-Kernel/list.o
 .debug_macro   0x00000000       0x16 ./FreeRTOS-Kernel/list.o
 .debug_macro   0x00000000      0x11c ./FreeRTOS-Kernel/list.o
 .debug_macro   0x00000000       0xb0 ./FreeRTOS-Kernel/list.o
 .debug_macro   0x00000000       0x57 ./FreeRTOS-Kernel/list.o
 .debug_macro   0x00000000      0x364 ./FreeRTOS-Kernel/list.o
 .debug_macro   0x00000000       0x16 ./FreeRTOS-Kernel/list.o
 .debug_macro   0x00000000       0x4a ./FreeRTOS-Kernel/list.o
 .debug_macro   0x00000000       0x34 ./FreeRTOS-Kernel/list.o
 .debug_macro   0x00000000       0x10 ./FreeRTOS-Kernel/list.o
 .debug_macro   0x00000000       0x58 ./FreeRTOS-Kernel/list.o
 .debug_macro   0x00000000      0x1e5 ./FreeRTOS-Kernel/list.o
 .debug_macro   0x00000000       0x16 ./FreeRTOS-Kernel/list.o
 .debug_macro   0x00000000       0x29 ./FreeRTOS-Kernel/list.o
 .debug_macro   0x00000000      0x103 ./FreeRTOS-Kernel/list.o
 .debug_macro   0x00000000       0x6a ./FreeRTOS-Kernel/list.o
 .debug_macro   0x00000000      0x1df ./FreeRTOS-Kernel/list.o
 .debug_macro   0x00000000       0x16 ./FreeRTOS-Kernel/list.o
 .debug_macro   0x00000000       0x76 ./FreeRTOS-Kernel/list.o
 .debug_macro   0x00000000       0x34 ./FreeRTOS-Kernel/list.o
 .debug_macro   0x00000000      0x182 ./FreeRTOS-Kernel/list.o
 .debug_macro   0x00000000       0xce ./FreeRTOS-Kernel/list.o
 .debug_macro   0x00000000       0x3a ./FreeRTOS-Kernel/list.o
 .debug_macro   0x00000000       0x1f ./FreeRTOS-Kernel/list.o
 .debug_macro   0x00000000       0x12 ./FreeRTOS-Kernel/list.o
 .debug_macro   0x00000000     0x116e ./FreeRTOS-Kernel/list.o
 .debug_macro   0x00000000       0xc3 ./FreeRTOS-Kernel/list.o
 .group         0x00000000        0xc ./FreeRTOS-Kernel/queue.o
 .group         0x00000000        0xc ./FreeRTOS-Kernel/queue.o
 .group         0x00000000        0xc ./FreeRTOS-Kernel/queue.o
 .group         0x00000000        0xc ./FreeRTOS-Kernel/queue.o
 .group         0x00000000        0xc ./FreeRTOS-Kernel/queue.o
 .group         0x00000000        0xc ./FreeRTOS-Kernel/queue.o
 .group         0x00000000        0xc ./FreeRTOS-Kernel/queue.o
 .group         0x00000000        0xc ./FreeRTOS-Kernel/queue.o
 .group         0x00000000        0xc ./FreeRTOS-Kernel/queue.o
 .group         0x00000000        0xc ./FreeRTOS-Kernel/queue.o
 .group         0x00000000        0xc ./FreeRTOS-Kernel/queue.o
 .group         0x00000000        0xc ./FreeRTOS-Kernel/queue.o
 .group         0x00000000        0xc ./FreeRTOS-Kernel/queue.o
 .group         0x00000000        0xc ./FreeRTOS-Kernel/queue.o
 .group         0x00000000        0xc ./FreeRTOS-Kernel/queue.o
 .group         0x00000000        0xc ./FreeRTOS-Kernel/queue.o
 .group         0x00000000        0xc ./FreeRTOS-Kernel/queue.o
 .group         0x00000000        0xc ./FreeRTOS-Kernel/queue.o
 .group         0x00000000        0xc ./FreeRTOS-Kernel/queue.o
 .group         0x00000000        0xc ./FreeRTOS-Kernel/queue.o
 .group         0x00000000        0xc ./FreeRTOS-Kernel/queue.o
 .group         0x00000000        0xc ./FreeRTOS-Kernel/queue.o
 .group         0x00000000        0xc ./FreeRTOS-Kernel/queue.o
 .group         0x00000000        0xc ./FreeRTOS-Kernel/queue.o
 .group         0x00000000        0xc ./FreeRTOS-Kernel/queue.o
 .group         0x00000000        0xc ./FreeRTOS-Kernel/queue.o
 .group         0x00000000        0xc ./FreeRTOS-Kernel/queue.o
 .group         0x00000000        0xc ./FreeRTOS-Kernel/queue.o
 .group         0x00000000        0xc ./FreeRTOS-Kernel/queue.o
 .group         0x00000000        0xc ./FreeRTOS-Kernel/queue.o
 .group         0x00000000        0xc ./FreeRTOS-Kernel/queue.o
 .group         0x00000000        0xc ./FreeRTOS-Kernel/queue.o
 .group         0x00000000        0xc ./FreeRTOS-Kernel/queue.o
 .group         0x00000000        0xc ./FreeRTOS-Kernel/queue.o
 .group         0x00000000        0xc ./FreeRTOS-Kernel/queue.o
 .group         0x00000000        0xc ./FreeRTOS-Kernel/queue.o
 .group         0x00000000        0xc ./FreeRTOS-Kernel/queue.o
 .text          0x00000000        0x0 ./FreeRTOS-Kernel/queue.o
 .data          0x00000000        0x0 ./FreeRTOS-Kernel/queue.o
 .bss           0x00000000        0x0 ./FreeRTOS-Kernel/queue.o
 .text.xQueueGenericReset
                0x00000000      0x1a4 ./FreeRTOS-Kernel/queue.o
 .text.xQueueGenericCreate
                0x00000000       0xdc ./FreeRTOS-Kernel/queue.o
 .text.prvInitialiseNewQueue
                0x00000000       0x88 ./FreeRTOS-Kernel/queue.o
 .text.prvInitialiseMutex
                0x00000000       0x60 ./FreeRTOS-Kernel/queue.o
 .text.xQueueCreateMutex
                0x00000000       0x64 ./FreeRTOS-Kernel/queue.o
 .text.xQueueGiveMutexRecursive
                0x00000000       0x9c ./FreeRTOS-Kernel/queue.o
 .text.xQueueTakeMutexRecursive
                0x00000000       0xa8 ./FreeRTOS-Kernel/queue.o
 .text.xQueueGenericSend
                0x00000000      0x298 ./FreeRTOS-Kernel/queue.o
 .text.xQueueGenericSendFromISR
                0x00000000      0x120 ./FreeRTOS-Kernel/queue.o
 .text.xQueueGiveFromISR
                0x00000000      0x104 ./FreeRTOS-Kernel/queue.o
 .text.xQueueReceive
                0x00000000      0x294 ./FreeRTOS-Kernel/queue.o
 .text.xQueueSemaphoreTake
                0x00000000      0x370 ./FreeRTOS-Kernel/queue.o
 .text.xQueuePeek
                0x00000000      0x29c ./FreeRTOS-Kernel/queue.o
 .text.xQueueReceiveFromISR
                0x00000000      0x110 ./FreeRTOS-Kernel/queue.o
 .text.xQueuePeekFromISR
                0x00000000       0x80 ./FreeRTOS-Kernel/queue.o
 .text.uxQueueMessagesWaiting
                0x00000000       0x74 ./FreeRTOS-Kernel/queue.o
 .text.uxQueueSpacesAvailable
                0x00000000       0x88 ./FreeRTOS-Kernel/queue.o
 .text.uxQueueMessagesWaitingFromISR
                0x00000000       0x40 ./FreeRTOS-Kernel/queue.o
 .text.vQueueDelete
                0x00000000       0x3c ./FreeRTOS-Kernel/queue.o
 .text.uxQueueGetQueueItemSize
                0x00000000       0x30 ./FreeRTOS-Kernel/queue.o
 .text.uxQueueGetQueueLength
                0x00000000       0x30 ./FreeRTOS-Kernel/queue.o
 .text.prvGetHighestPriorityOfWaitToReceiveList
                0x00000000       0x58 ./FreeRTOS-Kernel/queue.o
 .text.prvCopyDataToQueue
                0x00000000      0x198 ./FreeRTOS-Kernel/queue.o
 .text.prvCopyDataFromQueue
                0x00000000       0x9c ./FreeRTOS-Kernel/queue.o
 .text.prvUnlockQueue
                0x00000000      0x178 ./FreeRTOS-Kernel/queue.o
 .text.prvIsQueueEmpty
                0x00000000       0x84 ./FreeRTOS-Kernel/queue.o
 .text.xQueueIsQueueEmptyFromISR
                0x00000000       0x50 ./FreeRTOS-Kernel/queue.o
 .text.prvIsQueueFull
                0x00000000       0x8c ./FreeRTOS-Kernel/queue.o
 .text.xQueueIsQueueFullFromISR
                0x00000000       0x58 ./FreeRTOS-Kernel/queue.o
 .debug_info    0x00000000     0x103e ./FreeRTOS-Kernel/queue.o
 .debug_abbrev  0x00000000      0x25c ./FreeRTOS-Kernel/queue.o
 .debug_aranges
                0x00000000      0x100 ./FreeRTOS-Kernel/queue.o
 .debug_rnglists
                0x00000000       0xce ./FreeRTOS-Kernel/queue.o
 .debug_macro   0x00000000      0x22b ./FreeRTOS-Kernel/queue.o
 .debug_macro   0x00000000      0x82c ./FreeRTOS-Kernel/queue.o
 .debug_macro   0x00000000       0x19 ./FreeRTOS-Kernel/queue.o
 .debug_macro   0x00000000       0x22 ./FreeRTOS-Kernel/queue.o
 .debug_macro   0x00000000       0x68 ./FreeRTOS-Kernel/queue.o
 .debug_macro   0x00000000       0x94 ./FreeRTOS-Kernel/queue.o
 .debug_macro   0x00000000       0x3b ./FreeRTOS-Kernel/queue.o
 .debug_macro   0x00000000       0x34 ./FreeRTOS-Kernel/queue.o
 .debug_macro   0x00000000       0x16 ./FreeRTOS-Kernel/queue.o
 .debug_macro   0x00000000      0x11c ./FreeRTOS-Kernel/queue.o
 .debug_macro   0x00000000       0xb0 ./FreeRTOS-Kernel/queue.o
 .debug_macro   0x00000000       0x57 ./FreeRTOS-Kernel/queue.o
 .debug_macro   0x00000000      0x364 ./FreeRTOS-Kernel/queue.o
 .debug_macro   0x00000000       0x16 ./FreeRTOS-Kernel/queue.o
 .debug_macro   0x00000000       0x4a ./FreeRTOS-Kernel/queue.o
 .debug_macro   0x00000000       0x34 ./FreeRTOS-Kernel/queue.o
 .debug_macro   0x00000000       0x10 ./FreeRTOS-Kernel/queue.o
 .debug_macro   0x00000000       0x58 ./FreeRTOS-Kernel/queue.o
 .debug_macro   0x00000000      0x1e5 ./FreeRTOS-Kernel/queue.o
 .debug_macro   0x00000000       0x16 ./FreeRTOS-Kernel/queue.o
 .debug_macro   0x00000000       0x29 ./FreeRTOS-Kernel/queue.o
 .debug_macro   0x00000000       0x16 ./FreeRTOS-Kernel/queue.o
 .debug_macro   0x00000000       0x3c ./FreeRTOS-Kernel/queue.o
 .debug_macro   0x00000000      0x103 ./FreeRTOS-Kernel/queue.o
 .debug_macro   0x00000000       0x6a ./FreeRTOS-Kernel/queue.o
 .debug_macro   0x00000000      0x1df ./FreeRTOS-Kernel/queue.o
 .debug_macro   0x00000000       0x16 ./FreeRTOS-Kernel/queue.o
 .debug_macro   0x00000000       0x76 ./FreeRTOS-Kernel/queue.o
 .debug_macro   0x00000000       0x34 ./FreeRTOS-Kernel/queue.o
 .debug_macro   0x00000000      0x182 ./FreeRTOS-Kernel/queue.o
 .debug_macro   0x00000000       0xce ./FreeRTOS-Kernel/queue.o
 .debug_macro   0x00000000       0x3a ./FreeRTOS-Kernel/queue.o
 .debug_macro   0x00000000       0x1f ./FreeRTOS-Kernel/queue.o
 .debug_macro   0x00000000       0x12 ./FreeRTOS-Kernel/queue.o
 .debug_macro   0x00000000     0x116e ./FreeRTOS-Kernel/queue.o
 .debug_macro   0x00000000       0xc3 ./FreeRTOS-Kernel/queue.o
 .debug_macro   0x00000000      0x161 ./FreeRTOS-Kernel/queue.o
 .debug_macro   0x00000000       0x80 ./FreeRTOS-Kernel/queue.o
 .debug_line    0x00000000     0x15d3 ./FreeRTOS-Kernel/queue.o
 .debug_str     0x00000000    0x1265e ./FreeRTOS-Kernel/queue.o
 .debug_line_str
                0x00000000      0x32d ./FreeRTOS-Kernel/queue.o
 .comment       0x00000000       0x33 ./FreeRTOS-Kernel/queue.o
 .note.GNU-stack
                0x00000000        0x0 ./FreeRTOS-Kernel/queue.o
 .debug_frame   0x00000000      0x4a0 ./FreeRTOS-Kernel/queue.o
 .riscv.attributes
                0x00000000       0x37 ./FreeRTOS-Kernel/queue.o
 .group         0x00000000        0xc ./FreeRTOS-Kernel/timers.o
 .group         0x00000000        0xc ./FreeRTOS-Kernel/timers.o
 .group         0x00000000        0xc ./FreeRTOS-Kernel/timers.o
 .group         0x00000000        0xc ./FreeRTOS-Kernel/timers.o
 .group         0x00000000        0xc ./FreeRTOS-Kernel/timers.o
 .group         0x00000000        0xc ./FreeRTOS-Kernel/timers.o
 .group         0x00000000        0xc ./FreeRTOS-Kernel/timers.o
 .group         0x00000000        0xc ./FreeRTOS-Kernel/timers.o
 .group         0x00000000        0xc ./FreeRTOS-Kernel/timers.o
 .group         0x00000000        0xc ./FreeRTOS-Kernel/timers.o
 .group         0x00000000        0xc ./FreeRTOS-Kernel/timers.o
 .group         0x00000000        0xc ./FreeRTOS-Kernel/timers.o
 .group         0x00000000        0xc ./FreeRTOS-Kernel/timers.o
 .group         0x00000000        0xc ./FreeRTOS-Kernel/timers.o
 .group         0x00000000        0xc ./FreeRTOS-Kernel/timers.o
 .group         0x00000000        0xc ./FreeRTOS-Kernel/timers.o
 .group         0x00000000        0xc ./FreeRTOS-Kernel/timers.o
 .group         0x00000000        0xc ./FreeRTOS-Kernel/timers.o
 .group         0x00000000        0xc ./FreeRTOS-Kernel/timers.o
 .group         0x00000000        0xc ./FreeRTOS-Kernel/timers.o
 .group         0x00000000        0xc ./FreeRTOS-Kernel/timers.o
 .group         0x00000000        0xc ./FreeRTOS-Kernel/timers.o
 .group         0x00000000        0xc ./FreeRTOS-Kernel/timers.o
 .group         0x00000000        0xc ./FreeRTOS-Kernel/timers.o
 .group         0x00000000        0xc ./FreeRTOS-Kernel/timers.o
 .group         0x00000000        0xc ./FreeRTOS-Kernel/timers.o
 .group         0x00000000        0xc ./FreeRTOS-Kernel/timers.o
 .group         0x00000000        0xc ./FreeRTOS-Kernel/timers.o
 .group         0x00000000        0xc ./FreeRTOS-Kernel/timers.o
 .group         0x00000000        0xc ./FreeRTOS-Kernel/timers.o
 .group         0x00000000        0xc ./FreeRTOS-Kernel/timers.o
 .group         0x00000000        0xc ./FreeRTOS-Kernel/timers.o
 .group         0x00000000        0xc ./FreeRTOS-Kernel/timers.o
 .group         0x00000000        0xc ./FreeRTOS-Kernel/timers.o
 .group         0x00000000        0xc ./FreeRTOS-Kernel/timers.o
 .group         0x00000000        0xc ./FreeRTOS-Kernel/timers.o
 .text          0x00000000        0x0 ./FreeRTOS-Kernel/timers.o
 .data          0x00000000        0x0 ./FreeRTOS-Kernel/timers.o
 .bss           0x00000000        0x0 ./FreeRTOS-Kernel/timers.o
 .debug_info    0x00000000       0x7c ./FreeRTOS-Kernel/timers.o
 .debug_abbrev  0x00000000       0x2e ./FreeRTOS-Kernel/timers.o
 .debug_aranges
                0x00000000       0x18 ./FreeRTOS-Kernel/timers.o
 .debug_macro   0x00000000      0x1be ./FreeRTOS-Kernel/timers.o
 .debug_macro   0x00000000      0x82c ./FreeRTOS-Kernel/timers.o
 .debug_macro   0x00000000       0x19 ./FreeRTOS-Kernel/timers.o
 .debug_macro   0x00000000       0x22 ./FreeRTOS-Kernel/timers.o
 .debug_macro   0x00000000       0x68 ./FreeRTOS-Kernel/timers.o
 .debug_macro   0x00000000       0x94 ./FreeRTOS-Kernel/timers.o
 .debug_macro   0x00000000       0x3b ./FreeRTOS-Kernel/timers.o
 .debug_macro   0x00000000       0x34 ./FreeRTOS-Kernel/timers.o
 .debug_macro   0x00000000       0x16 ./FreeRTOS-Kernel/timers.o
 .debug_macro   0x00000000      0x11c ./FreeRTOS-Kernel/timers.o
 .debug_macro   0x00000000       0xb0 ./FreeRTOS-Kernel/timers.o
 .debug_macro   0x00000000       0x57 ./FreeRTOS-Kernel/timers.o
 .debug_macro   0x00000000      0x364 ./FreeRTOS-Kernel/timers.o
 .debug_macro   0x00000000       0x16 ./FreeRTOS-Kernel/timers.o
 .debug_macro   0x00000000       0x4a ./FreeRTOS-Kernel/timers.o
 .debug_macro   0x00000000       0x34 ./FreeRTOS-Kernel/timers.o
 .debug_macro   0x00000000       0x10 ./FreeRTOS-Kernel/timers.o
 .debug_macro   0x00000000       0x58 ./FreeRTOS-Kernel/timers.o
 .debug_macro   0x00000000      0x1e5 ./FreeRTOS-Kernel/timers.o
 .debug_macro   0x00000000       0x16 ./FreeRTOS-Kernel/timers.o
 .debug_macro   0x00000000       0x29 ./FreeRTOS-Kernel/timers.o
 .debug_macro   0x00000000      0x103 ./FreeRTOS-Kernel/timers.o
 .debug_macro   0x00000000       0x6a ./FreeRTOS-Kernel/timers.o
 .debug_macro   0x00000000      0x1df ./FreeRTOS-Kernel/timers.o
 .debug_macro   0x00000000       0x16 ./FreeRTOS-Kernel/timers.o
 .debug_macro   0x00000000       0x76 ./FreeRTOS-Kernel/timers.o
 .debug_macro   0x00000000       0x34 ./FreeRTOS-Kernel/timers.o
 .debug_macro   0x00000000      0x182 ./FreeRTOS-Kernel/timers.o
 .debug_macro   0x00000000       0xce ./FreeRTOS-Kernel/timers.o
 .debug_macro   0x00000000       0x3a ./FreeRTOS-Kernel/timers.o
 .debug_macro   0x00000000       0x1f ./FreeRTOS-Kernel/timers.o
 .debug_macro   0x00000000       0x12 ./FreeRTOS-Kernel/timers.o
 .debug_macro   0x00000000     0x116e ./FreeRTOS-Kernel/timers.o
 .debug_macro   0x00000000       0xc3 ./FreeRTOS-Kernel/timers.o
 .debug_macro   0x00000000      0x161 ./FreeRTOS-Kernel/timers.o
 .debug_macro   0x00000000       0x80 ./FreeRTOS-Kernel/timers.o
 .debug_macro   0x00000000       0x9e ./FreeRTOS-Kernel/timers.o
 .debug_line    0x00000000       0xf1 ./FreeRTOS-Kernel/timers.o
 .debug_str     0x00000000    0x122b4 ./FreeRTOS-Kernel/timers.o
 .debug_line_str
                0x00000000      0x313 ./FreeRTOS-Kernel/timers.o
 .comment       0x00000000       0x33 ./FreeRTOS-Kernel/timers.o
 .note.GNU-stack
                0x00000000        0x0 ./FreeRTOS-Kernel/timers.o
 .riscv.attributes
                0x00000000       0x33 ./FreeRTOS-Kernel/timers.o
 .group         0x00000000        0xc ./FreeRTOS-Kernel/event_groups.o
 .group         0x00000000        0xc ./FreeRTOS-Kernel/event_groups.o
 .group         0x00000000        0xc ./FreeRTOS-Kernel/event_groups.o
 .group         0x00000000        0xc ./FreeRTOS-Kernel/event_groups.o
 .group         0x00000000        0xc ./FreeRTOS-Kernel/event_groups.o
 .group         0x00000000        0xc ./FreeRTOS-Kernel/event_groups.o
 .group         0x00000000        0xc ./FreeRTOS-Kernel/event_groups.o
 .group         0x00000000        0xc ./FreeRTOS-Kernel/event_groups.o
 .group         0x00000000        0xc ./FreeRTOS-Kernel/event_groups.o
 .group         0x00000000        0xc ./FreeRTOS-Kernel/event_groups.o
 .group         0x00000000        0xc ./FreeRTOS-Kernel/event_groups.o
 .group         0x00000000        0xc ./FreeRTOS-Kernel/event_groups.o
 .group         0x00000000        0xc ./FreeRTOS-Kernel/event_groups.o
 .group         0x00000000        0xc ./FreeRTOS-Kernel/event_groups.o
 .group         0x00000000        0xc ./FreeRTOS-Kernel/event_groups.o
 .group         0x00000000        0xc ./FreeRTOS-Kernel/event_groups.o
 .group         0x00000000        0xc ./FreeRTOS-Kernel/event_groups.o
 .group         0x00000000        0xc ./FreeRTOS-Kernel/event_groups.o
 .group         0x00000000        0xc ./FreeRTOS-Kernel/event_groups.o
 .group         0x00000000        0xc ./FreeRTOS-Kernel/event_groups.o
 .group         0x00000000        0xc ./FreeRTOS-Kernel/event_groups.o
 .group         0x00000000        0xc ./FreeRTOS-Kernel/event_groups.o
 .group         0x00000000        0xc ./FreeRTOS-Kernel/event_groups.o
 .group         0x00000000        0xc ./FreeRTOS-Kernel/event_groups.o
 .group         0x00000000        0xc ./FreeRTOS-Kernel/event_groups.o
 .group         0x00000000        0xc ./FreeRTOS-Kernel/event_groups.o
 .group         0x00000000        0xc ./FreeRTOS-Kernel/event_groups.o
 .group         0x00000000        0xc ./FreeRTOS-Kernel/event_groups.o
 .group         0x00000000        0xc ./FreeRTOS-Kernel/event_groups.o
 .group         0x00000000        0xc ./FreeRTOS-Kernel/event_groups.o
 .group         0x00000000        0xc ./FreeRTOS-Kernel/event_groups.o
 .group         0x00000000        0xc ./FreeRTOS-Kernel/event_groups.o
 .group         0x00000000        0xc ./FreeRTOS-Kernel/event_groups.o
 .group         0x00000000        0xc ./FreeRTOS-Kernel/event_groups.o
 .group         0x00000000        0xc ./FreeRTOS-Kernel/event_groups.o
 .group         0x00000000        0xc ./FreeRTOS-Kernel/event_groups.o
 .text          0x00000000        0x0 ./FreeRTOS-Kernel/event_groups.o
 .data          0x00000000        0x0 ./FreeRTOS-Kernel/event_groups.o
 .bss           0x00000000        0x0 ./FreeRTOS-Kernel/event_groups.o
 .text.xEventGroupCreate
                0x00000000       0x5c ./FreeRTOS-Kernel/event_groups.o
 .text.xEventGroupSync
                0x00000000      0x1d4 ./FreeRTOS-Kernel/event_groups.o
 .text.xEventGroupWaitBits
                0x00000000      0x20c ./FreeRTOS-Kernel/event_groups.o
 .text.xEventGroupClearBits
                0x00000000       0x9c ./FreeRTOS-Kernel/event_groups.o
 .text.xEventGroupGetBitsFromISR
                0x00000000       0x44 ./FreeRTOS-Kernel/event_groups.o
 .text.xEventGroupSetBits
                0x00000000      0x1a4 ./FreeRTOS-Kernel/event_groups.o
 .text.vEventGroupDelete
                0x00000000       0x80 ./FreeRTOS-Kernel/event_groups.o
 .text.vEventGroupSetBitsCallback
                0x00000000       0x3c ./FreeRTOS-Kernel/event_groups.o
 .text.vEventGroupClearBitsCallback
                0x00000000       0x3c ./FreeRTOS-Kernel/event_groups.o
 .text.prvTestWaitCondition
                0x00000000       0x78 ./FreeRTOS-Kernel/event_groups.o
 .debug_info    0x00000000      0x712 ./FreeRTOS-Kernel/event_groups.o
 .debug_abbrev  0x00000000      0x200 ./FreeRTOS-Kernel/event_groups.o
 .debug_aranges
                0x00000000       0x68 ./FreeRTOS-Kernel/event_groups.o
 .debug_rnglists
                0x00000000       0x4e ./FreeRTOS-Kernel/event_groups.o
 .debug_macro   0x00000000      0x1c8 ./FreeRTOS-Kernel/event_groups.o
 .debug_macro   0x00000000      0x82c ./FreeRTOS-Kernel/event_groups.o
 .debug_macro   0x00000000       0x19 ./FreeRTOS-Kernel/event_groups.o
 .debug_macro   0x00000000       0x22 ./FreeRTOS-Kernel/event_groups.o
 .debug_macro   0x00000000       0x68 ./FreeRTOS-Kernel/event_groups.o
 .debug_macro   0x00000000       0x94 ./FreeRTOS-Kernel/event_groups.o
 .debug_macro   0x00000000       0x3b ./FreeRTOS-Kernel/event_groups.o
 .debug_macro   0x00000000       0x34 ./FreeRTOS-Kernel/event_groups.o
 .debug_macro   0x00000000       0x16 ./FreeRTOS-Kernel/event_groups.o
 .debug_macro   0x00000000      0x11c ./FreeRTOS-Kernel/event_groups.o
 .debug_macro   0x00000000       0xb0 ./FreeRTOS-Kernel/event_groups.o
 .debug_macro   0x00000000       0x57 ./FreeRTOS-Kernel/event_groups.o
 .debug_macro   0x00000000      0x364 ./FreeRTOS-Kernel/event_groups.o
 .debug_macro   0x00000000       0x16 ./FreeRTOS-Kernel/event_groups.o
 .debug_macro   0x00000000       0x4a ./FreeRTOS-Kernel/event_groups.o
 .debug_macro   0x00000000       0x34 ./FreeRTOS-Kernel/event_groups.o
 .debug_macro   0x00000000       0x10 ./FreeRTOS-Kernel/event_groups.o
 .debug_macro   0x00000000       0x58 ./FreeRTOS-Kernel/event_groups.o
 .debug_macro   0x00000000      0x1e5 ./FreeRTOS-Kernel/event_groups.o
 .debug_macro   0x00000000       0x16 ./FreeRTOS-Kernel/event_groups.o
 .debug_macro   0x00000000       0x29 ./FreeRTOS-Kernel/event_groups.o
 .debug_macro   0x00000000      0x103 ./FreeRTOS-Kernel/event_groups.o
 .debug_macro   0x00000000       0x6a ./FreeRTOS-Kernel/event_groups.o
 .debug_macro   0x00000000      0x1df ./FreeRTOS-Kernel/event_groups.o
 .debug_macro   0x00000000       0x16 ./FreeRTOS-Kernel/event_groups.o
 .debug_macro   0x00000000       0x76 ./FreeRTOS-Kernel/event_groups.o
 .debug_macro   0x00000000       0x34 ./FreeRTOS-Kernel/event_groups.o
 .debug_macro   0x00000000      0x182 ./FreeRTOS-Kernel/event_groups.o
 .debug_macro   0x00000000       0xce ./FreeRTOS-Kernel/event_groups.o
 .debug_macro   0x00000000       0x3a ./FreeRTOS-Kernel/event_groups.o
 .debug_macro   0x00000000       0x1f ./FreeRTOS-Kernel/event_groups.o
 .debug_macro   0x00000000       0x12 ./FreeRTOS-Kernel/event_groups.o
 .debug_macro   0x00000000     0x116e ./FreeRTOS-Kernel/event_groups.o
 .debug_macro   0x00000000       0xc3 ./FreeRTOS-Kernel/event_groups.o
 .debug_macro   0x00000000      0x161 ./FreeRTOS-Kernel/event_groups.o
 .debug_macro   0x00000000       0x98 ./FreeRTOS-Kernel/event_groups.o
 .debug_macro   0x00000000       0x23 ./FreeRTOS-Kernel/event_groups.o
 .debug_line    0x00000000      0x724 ./FreeRTOS-Kernel/event_groups.o
 .debug_str     0x00000000    0x12115 ./FreeRTOS-Kernel/event_groups.o
 .debug_line_str
                0x00000000      0x32c ./FreeRTOS-Kernel/event_groups.o
 .comment       0x00000000       0x33 ./FreeRTOS-Kernel/event_groups.o
 .note.GNU-stack
                0x00000000        0x0 ./FreeRTOS-Kernel/event_groups.o
 .debug_frame   0x00000000      0x1a0 ./FreeRTOS-Kernel/event_groups.o
 .riscv.attributes
                0x00000000       0x37 ./FreeRTOS-Kernel/event_groups.o
 .group         0x00000000        0xc ./FreeRTOS-Kernel/stream_buffer.o
 .group         0x00000000        0xc ./FreeRTOS-Kernel/stream_buffer.o
 .group         0x00000000        0xc ./FreeRTOS-Kernel/stream_buffer.o
 .group         0x00000000        0xc ./FreeRTOS-Kernel/stream_buffer.o
 .group         0x00000000        0xc ./FreeRTOS-Kernel/stream_buffer.o
 .group         0x00000000        0xc ./FreeRTOS-Kernel/stream_buffer.o
 .group         0x00000000        0xc ./FreeRTOS-Kernel/stream_buffer.o
 .group         0x00000000        0xc ./FreeRTOS-Kernel/stream_buffer.o
 .group         0x00000000        0xc ./FreeRTOS-Kernel/stream_buffer.o
 .group         0x00000000        0xc ./FreeRTOS-Kernel/stream_buffer.o
 .group         0x00000000        0xc ./FreeRTOS-Kernel/stream_buffer.o
 .group         0x00000000        0xc ./FreeRTOS-Kernel/stream_buffer.o
 .group         0x00000000        0xc ./FreeRTOS-Kernel/stream_buffer.o
 .group         0x00000000        0xc ./FreeRTOS-Kernel/stream_buffer.o
 .group         0x00000000        0xc ./FreeRTOS-Kernel/stream_buffer.o
 .group         0x00000000        0xc ./FreeRTOS-Kernel/stream_buffer.o
 .group         0x00000000        0xc ./FreeRTOS-Kernel/stream_buffer.o
 .group         0x00000000        0xc ./FreeRTOS-Kernel/stream_buffer.o
 .group         0x00000000        0xc ./FreeRTOS-Kernel/stream_buffer.o
 .group         0x00000000        0xc ./FreeRTOS-Kernel/stream_buffer.o
 .group         0x00000000        0xc ./FreeRTOS-Kernel/stream_buffer.o
 .group         0x00000000        0xc ./FreeRTOS-Kernel/stream_buffer.o
 .group         0x00000000        0xc ./FreeRTOS-Kernel/stream_buffer.o
 .group         0x00000000        0xc ./FreeRTOS-Kernel/stream_buffer.o
 .group         0x00000000        0xc ./FreeRTOS-Kernel/stream_buffer.o
 .group         0x00000000        0xc ./FreeRTOS-Kernel/stream_buffer.o
 .group         0x00000000        0xc ./FreeRTOS-Kernel/stream_buffer.o
 .group         0x00000000        0xc ./FreeRTOS-Kernel/stream_buffer.o
 .group         0x00000000        0xc ./FreeRTOS-Kernel/stream_buffer.o
 .group         0x00000000        0xc ./FreeRTOS-Kernel/stream_buffer.o
 .group         0x00000000        0xc ./FreeRTOS-Kernel/stream_buffer.o
 .group         0x00000000        0xc ./FreeRTOS-Kernel/stream_buffer.o
 .group         0x00000000        0xc ./FreeRTOS-Kernel/stream_buffer.o
 .text          0x00000000        0x0 ./FreeRTOS-Kernel/stream_buffer.o
 .data          0x00000000        0x0 ./FreeRTOS-Kernel/stream_buffer.o
 .bss           0x00000000        0x0 ./FreeRTOS-Kernel/stream_buffer.o
 .text.xStreamBufferGenericCreate
                0x00000000       0xe8 ./FreeRTOS-Kernel/stream_buffer.o
 .text.vStreamBufferDelete
                0x00000000       0x64 ./FreeRTOS-Kernel/stream_buffer.o
 .text.xStreamBufferReset
                0x00000000       0xd0 ./FreeRTOS-Kernel/stream_buffer.o
 .text.xStreamBufferResetFromISR
                0x00000000       0x98 ./FreeRTOS-Kernel/stream_buffer.o
 .text.xStreamBufferSetTriggerLevel
                0x00000000       0x74 ./FreeRTOS-Kernel/stream_buffer.o
 .text.xStreamBufferSpacesAvailable
                0x00000000       0xac ./FreeRTOS-Kernel/stream_buffer.o
 .text.xStreamBufferBytesAvailable
                0x00000000       0x44 ./FreeRTOS-Kernel/stream_buffer.o
 .text.xStreamBufferSend
                0x00000000      0x268 ./FreeRTOS-Kernel/stream_buffer.o
 .text.xStreamBufferSendFromISR
                0x00000000       0xf8 ./FreeRTOS-Kernel/stream_buffer.o
 .text.prvWriteMessageToBuffer
                0x00000000       0xd8 ./FreeRTOS-Kernel/stream_buffer.o
 .text.xStreamBufferReceive
                0x00000000      0x1e8 ./FreeRTOS-Kernel/stream_buffer.o
 .text.xStreamBufferNextMessageLengthBytes
                0x00000000       0x9c ./FreeRTOS-Kernel/stream_buffer.o
 .text.xStreamBufferReceiveFromISR
                0x00000000       0xe4 ./FreeRTOS-Kernel/stream_buffer.o
 .text.prvReadMessageFromBuffer
                0x00000000       0xe4 ./FreeRTOS-Kernel/stream_buffer.o
 .text.xStreamBufferIsEmpty
                0x00000000       0x60 ./FreeRTOS-Kernel/stream_buffer.o
 .text.xStreamBufferIsFull
                0x00000000       0x7c ./FreeRTOS-Kernel/stream_buffer.o
 .text.xStreamBufferSendCompletedFromISR
                0x00000000       0x88 ./FreeRTOS-Kernel/stream_buffer.o
 .text.xStreamBufferReceiveCompletedFromISR
                0x00000000       0x88 ./FreeRTOS-Kernel/stream_buffer.o
 .text.prvWriteBytesToBuffer
                0x00000000       0xec ./FreeRTOS-Kernel/stream_buffer.o
 .text.prvReadBytesFromBuffer
                0x00000000       0xec ./FreeRTOS-Kernel/stream_buffer.o
 .text.prvBytesInBuffer
                0x00000000       0x7c ./FreeRTOS-Kernel/stream_buffer.o
 .text.prvInitialiseNewStreamBuffer
                0x00000000       0x90 ./FreeRTOS-Kernel/stream_buffer.o
 .text.uxStreamBufferGetStreamBufferNotificationIndex
                0x00000000       0x38 ./FreeRTOS-Kernel/stream_buffer.o
 .text.vStreamBufferSetStreamBufferNotificationIndex
                0x00000000       0x40 ./FreeRTOS-Kernel/stream_buffer.o
 .debug_info    0x00000000      0xe1d ./FreeRTOS-Kernel/stream_buffer.o
 .debug_abbrev  0x00000000      0x25e ./FreeRTOS-Kernel/stream_buffer.o
 .debug_aranges
                0x00000000       0xd8 ./FreeRTOS-Kernel/stream_buffer.o
 .debug_rnglists
                0x00000000       0xad ./FreeRTOS-Kernel/stream_buffer.o
 .debug_macro   0x00000000      0x1ff ./FreeRTOS-Kernel/stream_buffer.o
 .debug_macro   0x00000000      0x82c ./FreeRTOS-Kernel/stream_buffer.o
 .debug_macro   0x00000000       0x22 ./FreeRTOS-Kernel/stream_buffer.o
 .debug_macro   0x00000000       0x68 ./FreeRTOS-Kernel/stream_buffer.o
 .debug_macro   0x00000000       0x19 ./FreeRTOS-Kernel/stream_buffer.o
 .debug_macro   0x00000000       0x94 ./FreeRTOS-Kernel/stream_buffer.o
 .debug_macro   0x00000000       0x3b ./FreeRTOS-Kernel/stream_buffer.o
 .debug_macro   0x00000000       0x34 ./FreeRTOS-Kernel/stream_buffer.o
 .debug_macro   0x00000000      0x1a5 ./FreeRTOS-Kernel/stream_buffer.o
 .debug_macro   0x00000000       0x57 ./FreeRTOS-Kernel/stream_buffer.o
 .debug_macro   0x00000000      0x364 ./FreeRTOS-Kernel/stream_buffer.o
 .debug_macro   0x00000000       0x16 ./FreeRTOS-Kernel/stream_buffer.o
 .debug_macro   0x00000000       0x4a ./FreeRTOS-Kernel/stream_buffer.o
 .debug_macro   0x00000000       0x34 ./FreeRTOS-Kernel/stream_buffer.o
 .debug_macro   0x00000000       0x10 ./FreeRTOS-Kernel/stream_buffer.o
 .debug_macro   0x00000000       0x58 ./FreeRTOS-Kernel/stream_buffer.o
 .debug_macro   0x00000000      0x1e5 ./FreeRTOS-Kernel/stream_buffer.o
 .debug_macro   0x00000000       0x10 ./FreeRTOS-Kernel/stream_buffer.o
 .debug_macro   0x00000000       0x3c ./FreeRTOS-Kernel/stream_buffer.o
 .debug_macro   0x00000000      0x103 ./FreeRTOS-Kernel/stream_buffer.o
 .debug_macro   0x00000000       0x6a ./FreeRTOS-Kernel/stream_buffer.o
 .debug_macro   0x00000000      0x1df ./FreeRTOS-Kernel/stream_buffer.o
 .debug_macro   0x00000000       0x16 ./FreeRTOS-Kernel/stream_buffer.o
 .debug_macro   0x00000000       0x76 ./FreeRTOS-Kernel/stream_buffer.o
 .debug_macro   0x00000000       0x34 ./FreeRTOS-Kernel/stream_buffer.o
 .debug_macro   0x00000000      0x182 ./FreeRTOS-Kernel/stream_buffer.o
 .debug_macro   0x00000000       0xce ./FreeRTOS-Kernel/stream_buffer.o
 .debug_macro   0x00000000       0x3a ./FreeRTOS-Kernel/stream_buffer.o
 .debug_macro   0x00000000       0x1f ./FreeRTOS-Kernel/stream_buffer.o
 .debug_macro   0x00000000       0x12 ./FreeRTOS-Kernel/stream_buffer.o
 .debug_macro   0x00000000     0x116e ./FreeRTOS-Kernel/stream_buffer.o
 .debug_macro   0x00000000       0xc3 ./FreeRTOS-Kernel/stream_buffer.o
 .debug_macro   0x00000000      0x161 ./FreeRTOS-Kernel/stream_buffer.o
 .debug_macro   0x00000000       0x38 ./FreeRTOS-Kernel/stream_buffer.o
 .debug_line    0x00000000      0xda6 ./FreeRTOS-Kernel/stream_buffer.o
 .debug_str     0x00000000    0x126f4 ./FreeRTOS-Kernel/stream_buffer.o
 .debug_line_str
                0x00000000      0x332 ./FreeRTOS-Kernel/stream_buffer.o
 .comment       0x00000000       0x33 ./FreeRTOS-Kernel/stream_buffer.o
 .note.GNU-stack
                0x00000000        0x0 ./FreeRTOS-Kernel/stream_buffer.o
 .debug_frame   0x00000000      0x3d0 ./FreeRTOS-Kernel/stream_buffer.o
 .riscv.attributes
                0x00000000       0x37 ./FreeRTOS-Kernel/stream_buffer.o
 .group         0x00000000        0xc ./FreeRTOS-Kernel/croutine.o
 .group         0x00000000        0xc ./FreeRTOS-Kernel/croutine.o
 .group         0x00000000        0xc ./FreeRTOS-Kernel/croutine.o
 .group         0x00000000        0xc ./FreeRTOS-Kernel/croutine.o
 .group         0x00000000        0xc ./FreeRTOS-Kernel/croutine.o
 .group         0x00000000        0xc ./FreeRTOS-Kernel/croutine.o
 .group         0x00000000        0xc ./FreeRTOS-Kernel/croutine.o
 .group         0x00000000        0xc ./FreeRTOS-Kernel/croutine.o
 .group         0x00000000        0xc ./FreeRTOS-Kernel/croutine.o
 .group         0x00000000        0xc ./FreeRTOS-Kernel/croutine.o
 .group         0x00000000        0xc ./FreeRTOS-Kernel/croutine.o
 .group         0x00000000        0xc ./FreeRTOS-Kernel/croutine.o
 .group         0x00000000        0xc ./FreeRTOS-Kernel/croutine.o
 .group         0x00000000        0xc ./FreeRTOS-Kernel/croutine.o
 .group         0x00000000        0xc ./FreeRTOS-Kernel/croutine.o
 .group         0x00000000        0xc ./FreeRTOS-Kernel/croutine.o
 .group         0x00000000        0xc ./FreeRTOS-Kernel/croutine.o
 .group         0x00000000        0xc ./FreeRTOS-Kernel/croutine.o
 .group         0x00000000        0xc ./FreeRTOS-Kernel/croutine.o
 .group         0x00000000        0xc ./FreeRTOS-Kernel/croutine.o
 .text          0x00000000        0x0 ./FreeRTOS-Kernel/croutine.o
 .data          0x00000000        0x0 ./FreeRTOS-Kernel/croutine.o
 .bss           0x00000000        0x0 ./FreeRTOS-Kernel/croutine.o
 .debug_info    0x00000000       0x7c ./FreeRTOS-Kernel/croutine.o
 .debug_abbrev  0x00000000       0x2e ./FreeRTOS-Kernel/croutine.o
 .debug_aranges
                0x00000000       0x18 ./FreeRTOS-Kernel/croutine.o
 .debug_macro   0x00000000       0xe8 ./FreeRTOS-Kernel/croutine.o
 .debug_macro   0x00000000      0x82c ./FreeRTOS-Kernel/croutine.o
 .debug_macro   0x00000000      0x1a5 ./FreeRTOS-Kernel/croutine.o
 .debug_macro   0x00000000       0x22 ./FreeRTOS-Kernel/croutine.o
 .debug_macro   0x00000000       0x8e ./FreeRTOS-Kernel/croutine.o
 .debug_macro   0x00000000       0x51 ./FreeRTOS-Kernel/croutine.o
 .debug_macro   0x00000000      0x103 ./FreeRTOS-Kernel/croutine.o
 .debug_macro   0x00000000       0x6a ./FreeRTOS-Kernel/croutine.o
 .debug_macro   0x00000000      0x1df ./FreeRTOS-Kernel/croutine.o
 .debug_macro   0x00000000       0x16 ./FreeRTOS-Kernel/croutine.o
 .debug_macro   0x00000000       0x76 ./FreeRTOS-Kernel/croutine.o
 .debug_macro   0x00000000       0x34 ./FreeRTOS-Kernel/croutine.o
 .debug_macro   0x00000000      0x182 ./FreeRTOS-Kernel/croutine.o
 .debug_macro   0x00000000       0xce ./FreeRTOS-Kernel/croutine.o
 .debug_macro   0x00000000       0x3a ./FreeRTOS-Kernel/croutine.o
 .debug_macro   0x00000000       0x1f ./FreeRTOS-Kernel/croutine.o
 .debug_macro   0x00000000       0x12 ./FreeRTOS-Kernel/croutine.o
 .debug_macro   0x00000000     0x116e ./FreeRTOS-Kernel/croutine.o
 .debug_macro   0x00000000       0xc3 ./FreeRTOS-Kernel/croutine.o
 .debug_macro   0x00000000      0x161 ./FreeRTOS-Kernel/croutine.o
 .debug_macro   0x00000000       0x49 ./FreeRTOS-Kernel/croutine.o
 .debug_line    0x00000000       0xb0 ./FreeRTOS-Kernel/croutine.o
 .debug_str     0x00000000     0xec8d ./FreeRTOS-Kernel/croutine.o
 .debug_line_str
                0x00000000      0x2ac ./FreeRTOS-Kernel/croutine.o
 .comment       0x00000000       0x33 ./FreeRTOS-Kernel/croutine.o
 .note.GNU-stack
                0x00000000        0x0 ./FreeRTOS-Kernel/croutine.o
 .riscv.attributes
                0x00000000       0x33 ./FreeRTOS-Kernel/croutine.o
 .group         0x00000000        0xc ./uart/uart_hal.o
 .group         0x00000000        0xc ./uart/uart_hal.o
 .group         0x00000000        0xc ./uart/uart_hal.o
 .group         0x00000000        0xc ./uart/uart_hal.o
 .group         0x00000000        0xc ./uart/uart_hal.o
 .group         0x00000000        0xc ./uart/uart_hal.o
 .group         0x00000000        0xc ./uart/uart_hal.o
 .group         0x00000000        0xc ./uart/uart_hal.o
 .group         0x00000000        0xc ./uart/uart_hal.o
 .group         0x00000000        0xc ./uart/uart_hal.o
 .text          0x00000000        0x0 ./uart/uart_hal.o
 .data          0x00000000        0x0 ./uart/uart_hal.o
 .bss           0x00000000        0x0 ./uart/uart_hal.o
 .text.hal_uart_read_byte
                0x00000000       0x5c ./uart/uart_hal.o
 .debug_macro   0x00000000      0x82c ./uart/uart_hal.o
 .debug_macro   0x00000000       0x22 ./uart/uart_hal.o
 .debug_macro   0x00000000       0x8e ./uart/uart_hal.o
 .debug_macro   0x00000000       0x51 ./uart/uart_hal.o
 .debug_macro   0x00000000      0x103 ./uart/uart_hal.o
 .debug_macro   0x00000000       0x6a ./uart/uart_hal.o
 .debug_macro   0x00000000      0x1df ./uart/uart_hal.o
 .group         0x00000000        0xc ./bare_metal_port/port.o
 .group         0x00000000        0xc ./bare_metal_port/port.o
 .group         0x00000000        0xc ./bare_metal_port/port.o
 .group         0x00000000        0xc ./bare_metal_port/port.o
 .group         0x00000000        0xc ./bare_metal_port/port.o
 .group         0x00000000        0xc ./bare_metal_port/port.o
 .group         0x00000000        0xc ./bare_metal_port/port.o
 .group         0x00000000        0xc ./bare_metal_port/port.o
 .group         0x00000000        0xc ./bare_metal_port/port.o
 .group         0x00000000        0xc ./bare_metal_port/port.o
 .group         0x00000000        0xc ./bare_metal_port/port.o
 .group         0x00000000        0xc ./bare_metal_port/port.o
 .group         0x00000000        0xc ./bare_metal_port/port.o
 .group         0x00000000        0xc ./bare_metal_port/port.o
 .group         0x00000000        0xc ./bare_metal_port/port.o
 .group         0x00000000        0xc ./bare_metal_port/port.o
 .group         0x00000000        0xc ./bare_metal_port/port.o
 .group         0x00000000        0xc ./bare_metal_port/port.o
 .group         0x00000000        0xc ./bare_metal_port/port.o
 .group         0x00000000        0xc ./bare_metal_port/port.o
 .group         0x00000000        0xc ./bare_metal_port/port.o
 .group         0x00000000        0xc ./bare_metal_port/port.o
 .group         0x00000000        0xc ./bare_metal_port/port.o
 .group         0x00000000        0xc ./bare_metal_port/port.o
 .group         0x00000000        0xc ./bare_metal_port/port.o
 .group         0x00000000        0xc ./bare_metal_port/port.o
 .group         0x00000000        0xc ./bare_metal_port/port.o
 .group         0x00000000        0xc ./bare_metal_port/port.o
 .group         0x00000000        0xc ./bare_metal_port/port.o
 .group         0x00000000        0xc ./bare_metal_port/port.o
 .group         0x00000000        0xc ./bare_metal_port/port.o
 .group         0x00000000        0xc ./bare_metal_port/port.o
 .text          0x00000000        0x0 ./bare_metal_port/port.o
 .data          0x00000000        0x0 ./bare_metal_port/port.o
 .bss           0x00000000        0x0 ./bare_metal_port/port.o
 .text.vPortEndScheduler
                0x00000000       0x18 ./bare_metal_port/port.o
 .debug_macro   0x00000000      0x82c ./bare_metal_port/port.o
 .debug_macro   0x00000000      0x1a5 ./bare_metal_port/port.o
 .debug_macro   0x00000000       0x22 ./bare_metal_port/port.o
 .debug_macro   0x00000000       0x8e ./bare_metal_port/port.o
 .debug_macro   0x00000000       0x51 ./bare_metal_port/port.o
 .debug_macro   0x00000000      0x103 ./bare_metal_port/port.o
 .debug_macro   0x00000000       0x6a ./bare_metal_port/port.o
 .debug_macro   0x00000000      0x1df ./bare_metal_port/port.o
 .debug_macro   0x00000000       0x16 ./bare_metal_port/port.o
 .debug_macro   0x00000000       0x76 ./bare_metal_port/port.o
 .debug_macro   0x00000000       0x34 ./bare_metal_port/port.o
 .debug_macro   0x00000000      0x182 ./bare_metal_port/port.o
 .debug_macro   0x00000000       0xce ./bare_metal_port/port.o
 .debug_macro   0x00000000       0x3a ./bare_metal_port/port.o
 .debug_macro   0x00000000       0x1f ./bare_metal_port/port.o
 .debug_macro   0x00000000       0x12 ./bare_metal_port/port.o
 .debug_macro   0x00000000     0x116e ./bare_metal_port/port.o
 .debug_macro   0x00000000       0xc3 ./bare_metal_port/port.o
 .debug_macro   0x00000000      0x161 ./bare_metal_port/port.o
 .debug_macro   0x00000000       0x19 ./bare_metal_port/port.o
 .debug_macro   0x00000000       0x3b ./bare_metal_port/port.o
 .debug_macro   0x00000000       0x34 ./bare_metal_port/port.o
 .debug_macro   0x00000000      0x364 ./bare_metal_port/port.o
 .debug_macro   0x00000000       0x16 ./bare_metal_port/port.o
 .debug_macro   0x00000000       0x4a ./bare_metal_port/port.o
 .debug_macro   0x00000000       0x34 ./bare_metal_port/port.o
 .debug_macro   0x00000000       0x10 ./bare_metal_port/port.o
 .debug_macro   0x00000000       0x58 ./bare_metal_port/port.o
 .debug_macro   0x00000000      0x1e5 ./bare_metal_port/port.o
 .debug_macro   0x00000000       0x10 ./bare_metal_port/port.o
 .debug_macro   0x00000000       0x3c ./bare_metal_port/port.o
 .group         0x00000000        0xc ./bare_metal_port/port_systimer.o
 .group         0x00000000        0xc ./bare_metal_port/port_systimer.o
 .group         0x00000000        0xc ./bare_metal_port/port_systimer.o
 .group         0x00000000        0xc ./bare_metal_port/port_systimer.o
 .group         0x00000000        0xc ./bare_metal_port/port_systimer.o
 .group         0x00000000        0xc ./bare_metal_port/port_systimer.o
 .group         0x00000000        0xc ./bare_metal_port/port_systimer.o
 .group         0x00000000        0xc ./bare_metal_port/port_systimer.o
 .group         0x00000000        0xc ./bare_metal_port/port_systimer.o
 .group         0x00000000        0xc ./bare_metal_port/port_systimer.o
 .group         0x00000000        0xc ./bare_metal_port/port_systimer.o
 .group         0x00000000        0xc ./bare_metal_port/port_systimer.o
 .group         0x00000000        0xc ./bare_metal_port/port_systimer.o
 .group         0x00000000        0xc ./bare_metal_port/port_systimer.o
 .group         0x00000000        0xc ./bare_metal_port/port_systimer.o
 .group         0x00000000        0xc ./bare_metal_port/port_systimer.o
 .group         0x00000000        0xc ./bare_metal_port/port_systimer.o
 .group         0x00000000        0xc ./bare_metal_port/port_systimer.o
 .text          0x00000000        0x0 ./bare_metal_port/port_systimer.o
 .data          0x00000000        0x0 ./bare_metal_port/port_systimer.o
 .bss           0x00000000        0x0 ./bare_metal_port/port_systimer.o
 .debug_macro   0x00000000      0x82c ./bare_metal_port/port_systimer.o
 .debug_macro   0x00000000       0x22 ./bare_metal_port/port_systimer.o
 .debug_macro   0x00000000       0x8e ./bare_metal_port/port_systimer.o
 .debug_macro   0x00000000       0x51 ./bare_metal_port/port_systimer.o
 .debug_macro   0x00000000      0x103 ./bare_metal_port/port_systimer.o
 .debug_macro   0x00000000       0x6a ./bare_metal_port/port_systimer.o
 .debug_macro   0x00000000      0x1df ./bare_metal_port/port_systimer.o
 .debug_macro   0x00000000      0x1a5 ./bare_metal_port/port_systimer.o
 .debug_macro   0x00000000       0x16 ./bare_metal_port/port_systimer.o
 .debug_macro   0x00000000       0x76 ./bare_metal_port/port_systimer.o
 .debug_macro   0x00000000       0x34 ./bare_metal_port/port_systimer.o
 .debug_macro   0x00000000      0x182 ./bare_metal_port/port_systimer.o
 .debug_macro   0x00000000       0xce ./bare_metal_port/port_systimer.o
 .debug_macro   0x00000000       0x3a ./bare_metal_port/port_systimer.o
 .debug_macro   0x00000000       0x1f ./bare_metal_port/port_systimer.o
 .debug_macro   0x00000000       0x12 ./bare_metal_port/port_systimer.o
 .debug_macro   0x00000000     0x116e ./bare_metal_port/port_systimer.o
 .group         0x00000000        0xc ./FreeRTOS-Kernel/portable/MemMang/heap_4.o
 .group         0x00000000        0xc ./FreeRTOS-Kernel/portable/MemMang/heap_4.o
 .group         0x00000000        0xc ./FreeRTOS-Kernel/portable/MemMang/heap_4.o
 .group         0x00000000        0xc ./FreeRTOS-Kernel/portable/MemMang/heap_4.o
 .group         0x00000000        0xc ./FreeRTOS-Kernel/portable/MemMang/heap_4.o
 .group         0x00000000        0xc ./FreeRTOS-Kernel/portable/MemMang/heap_4.o
 .group         0x00000000        0xc ./FreeRTOS-Kernel/portable/MemMang/heap_4.o
 .group         0x00000000        0xc ./FreeRTOS-Kernel/portable/MemMang/heap_4.o
 .group         0x00000000        0xc ./FreeRTOS-Kernel/portable/MemMang/heap_4.o
 .group         0x00000000        0xc ./FreeRTOS-Kernel/portable/MemMang/heap_4.o
 .group         0x00000000        0xc ./FreeRTOS-Kernel/portable/MemMang/heap_4.o
 .group         0x00000000        0xc ./FreeRTOS-Kernel/portable/MemMang/heap_4.o
 .group         0x00000000        0xc ./FreeRTOS-Kernel/portable/MemMang/heap_4.o
 .group         0x00000000        0xc ./FreeRTOS-Kernel/portable/MemMang/heap_4.o
 .group         0x00000000        0xc ./FreeRTOS-Kernel/portable/MemMang/heap_4.o
 .group         0x00000000        0xc ./FreeRTOS-Kernel/portable/MemMang/heap_4.o
 .group         0x00000000        0xc ./FreeRTOS-Kernel/portable/MemMang/heap_4.o
 .group         0x00000000        0xc ./FreeRTOS-Kernel/portable/MemMang/heap_4.o
 .group         0x00000000        0xc ./FreeRTOS-Kernel/portable/MemMang/heap_4.o
 .group         0x00000000        0xc ./FreeRTOS-Kernel/portable/MemMang/heap_4.o
 .group         0x00000000        0xc ./FreeRTOS-Kernel/portable/MemMang/heap_4.o
 .group         0x00000000        0xc ./FreeRTOS-Kernel/portable/MemMang/heap_4.o
 .group         0x00000000        0xc ./FreeRTOS-Kernel/portable/MemMang/heap_4.o
 .group         0x00000000        0xc ./FreeRTOS-Kernel/portable/MemMang/heap_4.o
 .group         0x00000000        0xc ./FreeRTOS-Kernel/portable/MemMang/heap_4.o
 .group         0x00000000        0xc ./FreeRTOS-Kernel/portable/MemMang/heap_4.o
 .group         0x00000000        0xc ./FreeRTOS-Kernel/portable/MemMang/heap_4.o
 .group         0x00000000        0xc ./FreeRTOS-Kernel/portable/MemMang/heap_4.o
 .group         0x00000000        0xc ./FreeRTOS-Kernel/portable/MemMang/heap_4.o
 .group         0x00000000        0xc ./FreeRTOS-Kernel/portable/MemMang/heap_4.o
 .group         0x00000000        0xc ./FreeRTOS-Kernel/portable/MemMang/heap_4.o
 .group         0x00000000        0xc ./FreeRTOS-Kernel/portable/MemMang/heap_4.o
 .group         0x00000000        0xc ./FreeRTOS-Kernel/portable/MemMang/heap_4.o
 .group         0x00000000        0xc ./FreeRTOS-Kernel/portable/MemMang/heap_4.o
 .group         0x00000000        0xc ./FreeRTOS-Kernel/portable/MemMang/heap_4.o
 .group         0x00000000        0xc ./FreeRTOS-Kernel/portable/MemMang/heap_4.o
 .text          0x00000000        0x0 ./FreeRTOS-Kernel/portable/MemMang/heap_4.o
 .data          0x00000000        0x0 ./FreeRTOS-Kernel/portable/MemMang/heap_4.o
 .bss           0x00000000        0x0 ./FreeRTOS-Kernel/portable/MemMang/heap_4.o
 .srodata.xHeapStructSize
                0x00000000        0x4 ./FreeRTOS-Kernel/portable/MemMang/heap_4.o
 .text.xPortGetFreeHeapSize
                0x00000000       0x2c ./FreeRTOS-Kernel/portable/MemMang/heap_4.o
 .text.xPortGetMinimumEverFreeHeapSize
                0x00000000       0x2c ./FreeRTOS-Kernel/portable/MemMang/heap_4.o
 .text.xPortResetHeapMinimumEverFreeHeapSize
                0x00000000       0x34 ./FreeRTOS-Kernel/portable/MemMang/heap_4.o
 .text.vPortInitialiseBlocks
                0x00000000       0x24 ./FreeRTOS-Kernel/portable/MemMang/heap_4.o
 .text.pvPortCalloc
                0x00000000       0xa4 ./FreeRTOS-Kernel/portable/MemMang/heap_4.o
 .text.vPortGetHeapStats
                0x00000000      0x164 ./FreeRTOS-Kernel/portable/MemMang/heap_4.o
 .text.vPortHeapResetState
                0x00000000       0x4c ./FreeRTOS-Kernel/portable/MemMang/heap_4.o
 .debug_macro   0x00000000      0x82c ./FreeRTOS-Kernel/portable/MemMang/heap_4.o
 .debug_macro   0x00000000       0x19 ./FreeRTOS-Kernel/portable/MemMang/heap_4.o
 .debug_macro   0x00000000       0x22 ./FreeRTOS-Kernel/portable/MemMang/heap_4.o
 .debug_macro   0x00000000       0x68 ./FreeRTOS-Kernel/portable/MemMang/heap_4.o
 .debug_macro   0x00000000       0x94 ./FreeRTOS-Kernel/portable/MemMang/heap_4.o
 .debug_macro   0x00000000       0x3b ./FreeRTOS-Kernel/portable/MemMang/heap_4.o
 .debug_macro   0x00000000       0x34 ./FreeRTOS-Kernel/portable/MemMang/heap_4.o
 .debug_macro   0x00000000       0x16 ./FreeRTOS-Kernel/portable/MemMang/heap_4.o
 .debug_macro   0x00000000      0x11c ./FreeRTOS-Kernel/portable/MemMang/heap_4.o
 .debug_macro   0x00000000       0xb0 ./FreeRTOS-Kernel/portable/MemMang/heap_4.o
 .debug_macro   0x00000000       0x57 ./FreeRTOS-Kernel/portable/MemMang/heap_4.o
 .debug_macro   0x00000000      0x364 ./FreeRTOS-Kernel/portable/MemMang/heap_4.o
 .debug_macro   0x00000000       0x16 ./FreeRTOS-Kernel/portable/MemMang/heap_4.o
 .debug_macro   0x00000000       0x4a ./FreeRTOS-Kernel/portable/MemMang/heap_4.o
 .debug_macro   0x00000000       0x34 ./FreeRTOS-Kernel/portable/MemMang/heap_4.o
 .debug_macro   0x00000000       0x10 ./FreeRTOS-Kernel/portable/MemMang/heap_4.o
 .debug_macro   0x00000000       0x58 ./FreeRTOS-Kernel/portable/MemMang/heap_4.o
 .debug_macro   0x00000000      0x1e5 ./FreeRTOS-Kernel/portable/MemMang/heap_4.o
 .debug_macro   0x00000000       0x16 ./FreeRTOS-Kernel/portable/MemMang/heap_4.o
 .debug_macro   0x00000000       0x29 ./FreeRTOS-Kernel/portable/MemMang/heap_4.o
 .debug_macro   0x00000000       0x16 ./FreeRTOS-Kernel/portable/MemMang/heap_4.o
 .debug_macro   0x00000000       0x3c ./FreeRTOS-Kernel/portable/MemMang/heap_4.o
 .debug_macro   0x00000000      0x103 ./FreeRTOS-Kernel/portable/MemMang/heap_4.o
 .debug_macro   0x00000000       0x6a ./FreeRTOS-Kernel/portable/MemMang/heap_4.o
 .debug_macro   0x00000000      0x1df ./FreeRTOS-Kernel/portable/MemMang/heap_4.o
 .debug_macro   0x00000000       0x16 ./FreeRTOS-Kernel/portable/MemMang/heap_4.o
 .debug_macro   0x00000000       0x76 ./FreeRTOS-Kernel/portable/MemMang/heap_4.o
 .debug_macro   0x00000000       0x34 ./FreeRTOS-Kernel/portable/MemMang/heap_4.o
 .debug_macro   0x00000000      0x182 ./FreeRTOS-Kernel/portable/MemMang/heap_4.o
 .debug_macro   0x00000000       0xce ./FreeRTOS-Kernel/portable/MemMang/heap_4.o
 .debug_macro   0x00000000       0x3a ./FreeRTOS-Kernel/portable/MemMang/heap_4.o
 .debug_macro   0x00000000       0x1f ./FreeRTOS-Kernel/portable/MemMang/heap_4.o
 .debug_macro   0x00000000       0x12 ./FreeRTOS-Kernel/portable/MemMang/heap_4.o
 .debug_macro   0x00000000     0x116e ./FreeRTOS-Kernel/portable/MemMang/heap_4.o
 .debug_macro   0x00000000       0xc3 ./FreeRTOS-Kernel/portable/MemMang/heap_4.o
 .debug_macro   0x00000000      0x161 ./FreeRTOS-Kernel/portable/MemMang/heap_4.o
 .group         0x00000000        0xc main.o
 .group         0x00000000        0xc main.o
 .group         0x00000000        0xc main.o
 .group         0x00000000        0xc main.o
 .group         0x00000000        0xc main.o
 .group         0x00000000        0xc main.o
 .group         0x00000000        0xc main.o
 .group         0x00000000        0xc main.o
 .group         0x00000000        0xc main.o
 .group         0x00000000        0xc main.o
 .group         0x00000000        0xc main.o
 .group         0x00000000        0xc main.o
 .group         0x00000000        0xc main.o
 .group         0x00000000        0xc main.o
 .group         0x00000000        0xc main.o
 .group         0x00000000        0xc main.o
 .group         0x00000000        0xc main.o
 .group         0x00000000        0xc main.o
 .group         0x00000000        0xc main.o
 .group         0x00000000        0xc main.o
 .text          0x00000000        0x0 main.o
 .data          0x00000000        0x0 main.o
 .bss           0x00000000        0x0 main.o
 .debug_macro   0x00000000      0x82c main.o
 .debug_macro   0x00000000      0x1a5 main.o
 .debug_macro   0x00000000       0x22 main.o
 .debug_macro   0x00000000       0x8e main.o
 .debug_macro   0x00000000       0x51 main.o
 .debug_macro   0x00000000      0x103 main.o
 .debug_macro   0x00000000       0x6a main.o
 .debug_macro   0x00000000      0x1df main.o
 .debug_macro   0x00000000       0x16 main.o
 .debug_macro   0x00000000       0x76 main.o
 .debug_macro   0x00000000       0x34 main.o
 .debug_macro   0x00000000      0x182 main.o
 .debug_macro   0x00000000       0xce main.o
 .debug_macro   0x00000000       0x3a main.o
 .debug_macro   0x00000000       0x1f main.o
 .debug_macro   0x00000000       0x12 main.o
 .debug_macro   0x00000000     0x116e main.o
 .debug_macro   0x00000000       0xc3 main.o
 .debug_macro   0x00000000      0x161 main.o
 .debug_macro   0x00000000       0x16 main.o
 .data          0x00000000        0x0 /Users/lucabevivino/xpack_rv_gcc_15.2/bin/../lib/gcc/riscv-none-elf/15.2.0/../../../../riscv-none-elf/lib/rv32im/ilp32/libc.a(libc_a-memset.o)
 .bss           0x00000000        0x0 /Users/lucabevivino/xpack_rv_gcc_15.2/bin/../lib/gcc/riscv-none-elf/15.2.0/../../../../riscv-none-elf/lib/rv32im/ilp32/libc.a(libc_a-memset.o)
 .text          0x00000000        0x0 /Users/lucabevivino/xpack_rv_gcc_15.2/bin/../lib/gcc/riscv-none-elf/15.2.0/../../../../riscv-none-elf/lib/rv32im/ilp32/libc.a(libc_a-memcpy.o)
 .data          0x00000000        0x0 /Users/lucabevivino/xpack_rv_gcc_15.2/bin/../lib/gcc/riscv-none-elf/15.2.0/../../../../riscv-none-elf/lib/rv32im/ilp32/libc.a(libc_a-memcpy.o)
 .bss           0x00000000        0x0 /Users/lucabevivino/xpack_rv_gcc_15.2/bin/../lib/gcc/riscv-none-elf/15.2.0/../../../../riscv-none-elf/lib/rv32im/ilp32/libc.a(libc_a-memcpy.o)
 .text.memcpy   0x00000000      0x128 /Users/lucabevivino/xpack_rv_gcc_15.2/bin/../lib/gcc/riscv-none-elf/15.2.0/../../../../riscv-none-elf/lib/rv32im/ilp32/libc.a(libc_a-memcpy.o)
 .comment       0x00000000       0x33 /Users/lucabevivino/xpack_rv_gcc_15.2/bin/../lib/gcc/riscv-none-elf/15.2.0/../../../../riscv-none-elf/lib/rv32im/ilp32/libc.a(libc_a-memcpy.o)
 .note.GNU-stack
                0x00000000        0x0 /Users/lucabevivino/xpack_rv_gcc_15.2/bin/../lib/gcc/riscv-none-elf/15.2.0/../../../../riscv-none-elf/lib/rv32im/ilp32/libc.a(libc_a-memcpy.o)
 .riscv.attributes
                0x00000000       0x2a /Users/lucabevivino/xpack_rv_gcc_15.2/bin/../lib/gcc/riscv-none-elf/15.2.0/../../../../riscv-none-elf/lib/rv32im/ilp32/libc.a(libc_a-memcpy.o)
 .text          0x00000000        0x0 /Users/lucabevivino/xpack_rv_gcc_15.2/bin/../lib/gcc/riscv-none-elf/15.2.0/rv32im/ilp32/libgcc.a(_clzsi2.o)
 .data          0x00000000        0x0 /Users/lucabevivino/xpack_rv_gcc_15.2/bin/../lib/gcc/riscv-none-elf/15.2.0/rv32im/ilp32/libgcc.a(_clzsi2.o)
 .bss           0x00000000        0x0 /Users/lucabevivino/xpack_rv_gcc_15.2/bin/../lib/gcc/riscv-none-elf/15.2.0/rv32im/ilp32/libgcc.a(_clzsi2.o)
 .text          0x00000000        0x0 /Users/lucabevivino/xpack_rv_gcc_15.2/bin/../lib/gcc/riscv-none-elf/15.2.0/rv32im/ilp32/libgcc.a(_udivdi3.o)
 .data          0x00000000        0x0 /Users/lucabevivino/xpack_rv_gcc_15.2/bin/../lib/gcc/riscv-none-elf/15.2.0/rv32im/ilp32/libgcc.a(_udivdi3.o)
 .bss           0x00000000        0x0 /Users/lucabevivino/xpack_rv_gcc_15.2/bin/../lib/gcc/riscv-none-elf/15.2.0/rv32im/ilp32/libgcc.a(_udivdi3.o)
 .eh_frame      0x00000000       0x28 /Users/lucabevivino/xpack_rv_gcc_15.2/bin/../lib/gcc/riscv-none-elf/15.2.0/rv32im/ilp32/libgcc.a(_udivdi3.o)
 .text          0x00000000        0x0 /Users/lucabevivino/xpack_rv_gcc_15.2/bin/../lib/gcc/riscv-none-elf/15.2.0/rv32im/ilp32/libgcc.a(_clz.o)
 .data          0x00000000        0x0 /Users/lucabevivino/xpack_rv_gcc_15.2/bin/../lib/gcc/riscv-none-elf/15.2.0/rv32im/ilp32/libgcc.a(_clz.o)
 .bss           0x00000000        0x0 /Users/lucabevivino/xpack_rv_gcc_15.2/bin/../lib/gcc/riscv-none-elf/15.2.0/rv32im/ilp32/libgcc.a(_clz.o)

Memory Configuration

Name             Origin             Length             Attributes
iram             0x40380000         0x00010000         xr
dram             0x3fc90000         0x00032000         rw
*default*        0x00000000         0xffffffff

Linker script and memory map

LOAD startup.o
LOAD ./bare_metal_port/port_asm.o
LOAD ./FreeRTOS-Kernel/tasks.o
LOAD ./FreeRTOS-Kernel/list.o
LOAD ./FreeRTOS-Kernel/queue.o
LOAD ./FreeRTOS-Kernel/timers.o
LOAD ./FreeRTOS-Kernel/event_groups.o
LOAD ./FreeRTOS-Kernel/stream_buffer.o
LOAD ./FreeRTOS-Kernel/croutine.o
LOAD ./uart/uart_hal.o
LOAD ./bare_metal_port/port.o
LOAD ./bare_metal_port/port_systimer.o
LOAD ./FreeRTOS-Kernel/portable/MemMang/heap_4.o
LOAD main.o
LOAD /Users/lucabevivino/xpack_rv_gcc_15.2/bin/../lib/gcc/riscv-none-elf/15.2.0/../../../../riscv-none-elf/lib/rv32im/ilp32/libc.a
LOAD /Users/lucabevivino/xpack_rv_gcc_15.2/bin/../lib/gcc/riscv-none-elf/15.2.0/rv32im/ilp32/libgcc.a
LOAD /Users/lucabevivino/xpack_rv_gcc_15.2/bin/../lib/gcc/riscv-none-elf/15.2.0/rv32im/ilp32/libgcc.a
START GROUP
LOAD /Users/lucabevivino/xpack_rv_gcc_15.2/bin/../lib/gcc/riscv-none-elf/15.2.0/../../../../riscv-none-elf/lib/rv32im/ilp32/libc.a
LOAD /Users/lucabevivino/xpack_rv_gcc_15.2/bin/../lib/gcc/riscv-none-elf/15.2.0/../../../../riscv-none-elf/lib/rv32im/ilp32/libgloss.a
END GROUP
LOAD /Users/lucabevivino/xpack_rv_gcc_15.2/bin/../lib/gcc/riscv-none-elf/15.2.0/rv32im/ilp32/libgcc.a

.text           0x40380000     0x29a4
                0x40380000                        _stext = .
 *(.entry)
 .entry         0x40380000       0x20 startup.o
                0x40380000                _start
                0x40380100                        . = ALIGN (0x100)
 *fill*         0x40380020       0xe0 
                0x40380100                        _vector_table = .
 *(.vectors)
 .vectors       0x40380100       0xfc startup.o
 *(.text .text.*)
 .text          0x403801fc      0x110 startup.o
 .text.prvCreateTask
                0x4038030c       0xcc ./FreeRTOS-Kernel/tasks.o
 .text.xTaskCreate
                0x403803d8       0x84 ./FreeRTOS-Kernel/tasks.o
                0x403803d8                xTaskCreate
 .text.prvInitialiseNewTask
                0x4038045c      0x188 ./FreeRTOS-Kernel/tasks.o
 .text.prvAddNewTaskToReadyList
                0x403805e4      0x224 ./FreeRTOS-Kernel/tasks.o
 .text.vTaskDelay
                0x40380808       0x58 ./FreeRTOS-Kernel/tasks.o
                0x40380808                vTaskDelay
 .text.prvCreateIdleTasks
                0x40380860      0x120 ./FreeRTOS-Kernel/tasks.o
 .text.vTaskStartScheduler
                0x40380980       0x68 ./FreeRTOS-Kernel/tasks.o
                0x40380980                vTaskStartScheduler
 .text.vTaskSuspendAll
                0x403809e8       0x38 ./FreeRTOS-Kernel/tasks.o
                0x403809e8                vTaskSuspendAll
 .text.xTaskResumeAll
                0x40380a20      0x37c ./FreeRTOS-Kernel/tasks.o
                0x40380a20                xTaskResumeAll
 .text.xTaskIncrementTick
                0x40380d9c      0x398 ./FreeRTOS-Kernel/tasks.o
                0x40380d9c                xTaskIncrementTick
 .text.vTaskSwitchContext
                0x40381134       0xe4 ./FreeRTOS-Kernel/tasks.o
                0x40381134                vTaskSwitchContext
 .text.prvIdleTask
                0x40381218       0x34 ./FreeRTOS-Kernel/tasks.o
 .text.prvInitialiseTaskLists
                0x4038124c       0x9c ./FreeRTOS-Kernel/tasks.o
 .text.prvCheckTasksWaitingTermination
                0x403812e8       0x24 ./FreeRTOS-Kernel/tasks.o
 .text.prvResetNextTaskUnblockTime
                0x4038130c       0x5c ./FreeRTOS-Kernel/tasks.o
 .text.prvAddCurrentTaskToDelayedList
                0x40381368      0x114 ./FreeRTOS-Kernel/tasks.o
 .text.vListInitialise
                0x4038147c       0x6c ./FreeRTOS-Kernel/list.o
                0x4038147c                vListInitialise
 .text.vListInitialiseItem
                0x403814e8       0x30 ./FreeRTOS-Kernel/list.o
                0x403814e8                vListInitialiseItem
 .text.vListInsert
                0x40381518       0xdc ./FreeRTOS-Kernel/list.o
                0x40381518                vListInsert
 .text.uxListRemove
                0x403815f4       0xa0 ./FreeRTOS-Kernel/list.o
                0x403815f4                uxListRemove
 .text.get_clk_freq
                0x40381694       0x88 ./uart/uart_hal.o
                0x40381694                get_clk_freq
 .text.get_clk_div
                0x4038171c       0xf0 ./uart/uart_hal.o
                0x4038171c                get_clk_div
 .text.hal_uart_init
                0x4038180c      0x320 ./uart/uart_hal.o
                0x4038180c                hal_uart_init
 .text.hal_gpio_uart_setup
                0x40381b2c       0x94 ./uart/uart_hal.o
                0x40381b2c                hal_gpio_uart_setup
 .text.hal_uart_write_byte
                0x40381bc0       0x50 ./uart/uart_hal.o
                0x40381bc0                hal_uart_write_byte
 .text.xPortStartScheduler
                0x40381c10       0x30 ./bare_metal_port/port.o
                0x40381c10                xPortStartScheduler
 .text.portSetupSystimerInterrupt
                0x40381c40      0x150 ./bare_metal_port/port_systimer.o
                0x40381c40                portSetupSystimerInterrupt
 .text.pvPortMalloc
                0x40381d90      0x254 ./FreeRTOS-Kernel/portable/MemMang/heap_4.o
                0x40381d90                pvPortMalloc
 .text.vPortFree
                0x40381fe4       0xc8 ./FreeRTOS-Kernel/portable/MemMang/heap_4.o
                0x40381fe4                vPortFree
 .text.prvHeapInit
                0x403820ac      0x130 ./FreeRTOS-Kernel/portable/MemMang/heap_4.o
 .text.prvInsertBlockIntoFreeList
                0x403821dc      0x144 ./FreeRTOS-Kernel/portable/MemMang/heap_4.o
 .text.uart_task
                0x40382320       0x40 main.o
                0x40382320                uart_task
 .text.main     0x40382360       0x78 main.o
                0x40382360                main
 .text          0x403823d8       0xdc /Users/lucabevivino/xpack_rv_gcc_15.2/bin/../lib/gcc/riscv-none-elf/15.2.0/../../../../riscv-none-elf/lib/rv32im/ilp32/libc.a(libc_a-memset.o)
                0x403823d8                memset
 .text.__clzsi2
                0x403824b4       0x88 /Users/lucabevivino/xpack_rv_gcc_15.2/bin/../lib/gcc/riscv-none-elf/15.2.0/rv32im/ilp32/libgcc.a(_clzsi2.o)
                0x403824b4                __clzsi2
 .text.__udivdi3
                0x4038253c      0x468 /Users/lucabevivino/xpack_rv_gcc_15.2/bin/../lib/gcc/riscv-none-elf/15.2.0/rv32im/ilp32/libgcc.a(_udivdi3.o)
                0x4038253c                __udivdi3
                0x403829a4                        . = ALIGN (0x4)
                0x403829a4                        _etext = .

.iram_extras    0x40382a00      0x92c load address 0x403829a4
                0x40382a00                        . = ALIGN (0x4)
                0x40382a00                        _siram_extras = .
 *(.iram .iram.*)
 .iram          0x40382a00      0x810 ./bare_metal_port/port_asm.o
                0x40382a00                pxPortInitialiseStack
                0x40382a60                xPortStartFirstTask
                0x40382b00                freertos_risc_v_application_exception_handler
                0x40382b10                freertos_risc_v_application_interrupt_handler
                0x40382b20                freertos_risc_v_exception_handler
                0x40382d24                freertos_risc_v_interrupt_handler
                0x40382e74                freertos_risc_v_mtimer_interrupt_handler
                0x40383000                freertos_risc_v_trap_handler
 *(.rodata .rodata.*)
 .rodata        0x40383210        0x5 ./FreeRTOS-Kernel/tasks.o
 *fill*         0x40383215        0x3 
 .rodata        0x40383218        0xa main.o
 *fill*         0x40383222        0x2 
 .rodata.__clz_tab
                0x40383224      0x100 /Users/lucabevivino/xpack_rv_gcc_15.2/bin/../lib/gcc/riscv-none-elf/15.2.0/rv32im/ilp32/libgcc.a(_clz.o)
                0x40383224                __clz_tab
 *(.srodata .srodata.*)
 .srodata.uxTopUsedPriority
                0x40383324        0x4 ./FreeRTOS-Kernel/tasks.o
 .srodata.xISRStackTop
                0x40383328        0x4 ./bare_metal_port/port.o
                0x40383328                xISRStackTop
                0x4038332c                        . = ALIGN (0x4)
                0x4038332c                        _eiram_extras = .
                0x403829a4                        _siram_extras_flash = LOADADDR (.iram_extras)
                0x403832d0                        _sidata = (LOADADDR (.iram_extras) + SIZEOF (.iram_extras))

.rela.dyn       0x4038332c        0x0 load address 0x403832d0
 .rela.text     0x4038332c        0x0 startup.o
 .rela.entry    0x4038332c        0x0 startup.o
 .rela.srodata.xISRStackTop
                0x4038332c        0x0 startup.o

.data           0x3fc90000        0x8 load address 0x403832d0
                0x3fc90800                        __global_pointer$ = (. + 0x800)
                0x3fc90000                        _sdata = .
 *(.data .data.*)
 *(.sdata .sdata.*)
 .sdata.xCriticalNesting
                0x3fc90000        0x4 ./bare_metal_port/port.o
                0x3fc90000                xCriticalNesting
 .sdata.pxCriticalNesting
                0x3fc90004        0x4 ./bare_metal_port/port.o
                0x3fc90004                pxCriticalNesting
                0x3fc90008                        . = ALIGN (0x4)
                0x3fc90008                        _edata = .

.bss            0x3fc90008     0xa0f8 load address 0x403832d8
                0x3fc90008                        . = ALIGN (0x4)
                0x3fc90008                        _sbss = .
 *(.bss .bss.*)
 .bss.pxReadyTasksLists
                0x3fc90008       0x64 ./FreeRTOS-Kernel/tasks.o
 .bss.xDelayedTaskList1
                0x3fc9006c       0x14 ./FreeRTOS-Kernel/tasks.o
 .bss.xDelayedTaskList2
                0x3fc90080       0x14 ./FreeRTOS-Kernel/tasks.o
 .bss.xPendingReadyList
                0x3fc90094       0x14 ./FreeRTOS-Kernel/tasks.o
 .bss.ucHeap    0x3fc900a8     0xa000 ./FreeRTOS-Kernel/portable/MemMang/heap_4.o
 *(.sbss .sbss.*)
 .sbss.pxCurrentTCB
                0x3fc9a0a8        0x4 ./FreeRTOS-Kernel/tasks.o
                0x3fc9a0a8                pxCurrentTCB
 .sbss.pxDelayedTaskList
                0x3fc9a0ac        0x4 ./FreeRTOS-Kernel/tasks.o
 .sbss.pxOverflowDelayedTaskList
                0x3fc9a0b0        0x4 ./FreeRTOS-Kernel/tasks.o
 .sbss.uxCurrentNumberOfTasks
                0x3fc9a0b4        0x4 ./FreeRTOS-Kernel/tasks.o
 .sbss.xTickCount
                0x3fc9a0b8        0x4 ./FreeRTOS-Kernel/tasks.o
 .sbss.uxTopReadyPriority
                0x3fc9a0bc        0x4 ./FreeRTOS-Kernel/tasks.o
 .sbss.xSchedulerRunning
                0x3fc9a0c0        0x4 ./FreeRTOS-Kernel/tasks.o
 .sbss.xPendedTicks
                0x3fc9a0c4        0x4 ./FreeRTOS-Kernel/tasks.o
 .sbss.xYieldPendings
                0x3fc9a0c8        0x4 ./FreeRTOS-Kernel/tasks.o
 .sbss.xNumOfOverflows
                0x3fc9a0cc        0x4 ./FreeRTOS-Kernel/tasks.o
 .sbss.uxTaskNumber
                0x3fc9a0d0        0x4 ./FreeRTOS-Kernel/tasks.o
 .sbss.xNextTaskUnblockTime
                0x3fc9a0d4        0x4 ./FreeRTOS-Kernel/tasks.o
 .sbss.xIdleTaskHandles
                0x3fc9a0d8        0x4 ./FreeRTOS-Kernel/tasks.o
 .sbss.uxSchedulerSuspended
                0x3fc9a0dc        0x4 ./FreeRTOS-Kernel/tasks.o
 .sbss.xTaskReturnAddress
                0x3fc9a0e0        0x4 ./bare_metal_port/port.o
                0x3fc9a0e0                xTaskReturnAddress
 .sbss.xStart   0x3fc9a0e4        0x8 ./FreeRTOS-Kernel/portable/MemMang/heap_4.o
 .sbss.pxEnd    0x3fc9a0ec        0x4 ./FreeRTOS-Kernel/portable/MemMang/heap_4.o
 .sbss.xFreeBytesRemaining
                0x3fc9a0f0        0x4 ./FreeRTOS-Kernel/portable/MemMang/heap_4.o
 .sbss.xMinimumEverFreeBytesRemaining
                0x3fc9a0f4        0x4 ./FreeRTOS-Kernel/portable/MemMang/heap_4.o
 .sbss.xNumberOfSuccessfulAllocations
                0x3fc9a0f8        0x4 ./FreeRTOS-Kernel/portable/MemMang/heap_4.o
 .sbss.xNumberOfSuccessfulFrees
                0x3fc9a0fc        0x4 ./FreeRTOS-Kernel/portable/MemMang/heap_4.o
 *(COMMON)
                0x3fc9a100                        . = ALIGN (0x4)
                0x3fc9a100                        _ebss = .
                0x3fcc2000                        _stack_top = (ORIGIN (dram) + LENGTH (dram))
                0x3fcc2000                        __freertos_irq_stack_top = _stack_top
                0x3fc9a100                        _end = _ebss
                [!provide]                        PROVIDE (end = _end)
OUTPUT(freertos_esp32c3.elf elf32-littleriscv)

.riscv.attributes
                0x00000000       0x37
 .riscv.attributes
                0x00000000       0x35 startup.o
 .riscv.attributes
                0x00000035       0x35 ./bare_metal_port/port_asm.o
 .riscv.attributes
                0x0000006a       0x37 ./FreeRTOS-Kernel/tasks.o
 .riscv.attributes
                0x000000a1       0x33 ./FreeRTOS-Kernel/list.o
 .riscv.attributes
                0x000000d4       0x33 ./uart/uart_hal.o
 .riscv.attributes
                0x00000107       0x33 ./bare_metal_port/port.o
 .riscv.attributes
                0x0000013a       0x37 ./bare_metal_port/port_systimer.o
 .riscv.attributes
                0x00000171       0x37 ./FreeRTOS-Kernel/portable/MemMang/heap_4.o
 .riscv.attributes
                0x000001a8       0x33 main.o
 .riscv.attributes
                0x000001db       0x28 /Users/lucabevivino/xpack_rv_gcc_15.2/bin/../lib/gcc/riscv-none-elf/15.2.0/../../../../riscv-none-elf/lib/rv32im/ilp32/libc.a(libc_a-memset.o)
 .riscv.attributes
                0x00000203       0x2a /Users/lucabevivino/xpack_rv_gcc_15.2/bin/../lib/gcc/riscv-none-elf/15.2.0/rv32im/ilp32/libgcc.a(_clzsi2.o)
 .riscv.attributes
                0x0000022d       0x2a /Users/lucabevivino/xpack_rv_gcc_15.2/bin/../lib/gcc/riscv-none-elf/15.2.0/rv32im/ilp32/libgcc.a(_udivdi3.o)
 .riscv.attributes
                0x00000257       0x2a /Users/lucabevivino/xpack_rv_gcc_15.2/bin/../lib/gcc/riscv-none-elf/15.2.0/rv32im/ilp32/libgcc.a(_clz.o)

.comment        0x00000000       0x32
 .comment       0x00000000       0x32 ./FreeRTOS-Kernel/tasks.o
                                 0x33 (size before relaxing)
 .comment       0x00000032        0x0 ./FreeRTOS-Kernel/list.o
                                 0x33 (size before relaxing)
 .comment       0x00000032        0x0 ./uart/uart_hal.o
                                 0x33 (size before relaxing)
 .comment       0x00000032        0x0 ./bare_metal_port/port.o
                                 0x33 (size before relaxing)
 .comment       0x00000032        0x0 ./bare_metal_port/port_systimer.o
                                 0x33 (size before relaxing)
 .comment       0x00000032        0x0 ./FreeRTOS-Kernel/portable/MemMang/heap_4.o
                                 0x33 (size before relaxing)
 .comment       0x00000032        0x0 main.o
                                 0x33 (size before relaxing)
 .comment       0x00000032        0x0 /Users/lucabevivino/xpack_rv_gcc_15.2/bin/../lib/gcc/riscv-none-elf/15.2.0/rv32im/ilp32/libgcc.a(_clzsi2.o)
                                 0x33 (size before relaxing)
 .comment       0x00000032        0x0 /Users/lucabevivino/xpack_rv_gcc_15.2/bin/../lib/gcc/riscv-none-elf/15.2.0/rv32im/ilp32/libgcc.a(_udivdi3.o)
                                 0x33 (size before relaxing)
 .comment       0x00000032        0x0 /Users/lucabevivino/xpack_rv_gcc_15.2/bin/../lib/gcc/riscv-none-elf/15.2.0/rv32im/ilp32/libgcc.a(_clz.o)
                                 0x33 (size before relaxing)

.note.GNU-stack
                0x00000000        0x0
 .note.GNU-stack
                0x00000000        0x0 ./FreeRTOS-Kernel/tasks.o
 .note.GNU-stack
                0x00000000        0x0 ./FreeRTOS-Kernel/list.o
 .note.GNU-stack
                0x00000000        0x0 ./uart/uart_hal.o
 .note.GNU-stack
                0x00000000        0x0 ./bare_metal_port/port.o
 .note.GNU-stack
                0x00000000        0x0 ./bare_metal_port/port_systimer.o
 .note.GNU-stack
                0x00000000        0x0 ./FreeRTOS-Kernel/portable/MemMang/heap_4.o
 .note.GNU-stack
                0x00000000        0x0 main.o
 .note.GNU-stack
                0x00000000        0x0 /Users/lucabevivino/xpack_rv_gcc_15.2/bin/../lib/gcc/riscv-none-elf/15.2.0/rv32im/ilp32/libgcc.a(_clzsi2.o)
 .note.GNU-stack
                0x00000000        0x0 /Users/lucabevivino/xpack_rv_gcc_15.2/bin/../lib/gcc/riscv-none-elf/15.2.0/rv32im/ilp32/libgcc.a(_udivdi3.o)
 .note.GNU-stack
                0x00000000        0x0 /Users/lucabevivino/xpack_rv_gcc_15.2/bin/../lib/gcc/riscv-none-elf/15.2.0/rv32im/ilp32/libgcc.a(_clz.o)

.debug_line     0x00000000     0x343e
 .debug_line    0x00000000      0x1c6 startup.o
 .debug_line    0x000001c6      0x2eb ./bare_metal_port/port_asm.o
 .debug_line    0x000004b1     0x1a5e ./FreeRTOS-Kernel/tasks.o
 .debug_line    0x00001f0f      0x331 ./FreeRTOS-Kernel/list.o
 .debug_line    0x00002240      0x5bb ./uart/uart_hal.o
 .debug_line    0x000027fb      0x142 ./bare_metal_port/port.o
 .debug_line    0x0000293d      0x1a9 ./bare_metal_port/port_systimer.o
 .debug_line    0x00002ae6      0x812 ./FreeRTOS-Kernel/portable/MemMang/heap_4.o
 .debug_line    0x000032f8      0x146 main.o

.debug_line_str
                0x00000000      0x3dd
 .debug_line_str
                0x00000000      0x3dd startup.o
                                 0x33 (size before relaxing)
 .debug_line_str
                0x000003dd        0x0 ./bare_metal_port/port_asm.o
                                 0x44 (size before relaxing)
 .debug_line_str
                0x000003dd        0x0 ./FreeRTOS-Kernel/tasks.o
                                0x33d (size before relaxing)
 .debug_line_str
                0x000003dd        0x0 ./FreeRTOS-Kernel/list.o
                                0x2f5 (size before relaxing)
 .debug_line_str
                0x000003dd        0x0 ./uart/uart_hal.o
                                0x205 (size before relaxing)
 .debug_line_str
                0x000003dd        0x0 ./bare_metal_port/port.o
                                0x323 (size before relaxing)
 .debug_line_str
                0x000003dd        0x0 ./bare_metal_port/port_systimer.o
                                0x2c7 (size before relaxing)
 .debug_line_str
                0x000003dd        0x0 ./FreeRTOS-Kernel/portable/MemMang/heap_4.o
                                0x34a (size before relaxing)
 .debug_line_str
                0x000003dd        0x0 main.o
                                0x287 (size before relaxing)

.debug_info     0x00000000     0x285b
 .debug_info    0x00000000       0x23 startup.o
 .debug_info    0x00000023       0x25 ./bare_metal_port/port_asm.o
 .debug_info    0x00000048     0x16b4 ./FreeRTOS-Kernel/tasks.o
 .debug_info    0x000016fc      0x2af ./FreeRTOS-Kernel/list.o
 .debug_info    0x000019ab      0x4ac ./uart/uart_hal.o
 .debug_info    0x00001e57      0x192 ./bare_metal_port/port.o
 .debug_info    0x00001fe9       0xc3 ./bare_metal_port/port_systimer.o
 .debug_info    0x000020ac      0x4d9 ./FreeRTOS-Kernel/portable/MemMang/heap_4.o
 .debug_info    0x00002585      0x2d6 main.o

.debug_abbrev   0x00000000      0xa45
 .debug_abbrev  0x00000000       0x12 startup.o
 .debug_abbrev  0x00000012       0x14 ./bare_metal_port/port_asm.o
 .debug_abbrev  0x00000026      0x30e ./FreeRTOS-Kernel/tasks.o
 .debug_abbrev  0x00000334       0xf4 ./FreeRTOS-Kernel/list.o
 .debug_abbrev  0x00000428      0x169 ./uart/uart_hal.o
 .debug_abbrev  0x00000591       0xdc ./bare_metal_port/port.o
 .debug_abbrev  0x0000066d       0x6b ./bare_metal_port/port_systimer.o
 .debug_abbrev  0x000006d8      0x1f9 ./FreeRTOS-Kernel/portable/MemMang/heap_4.o
 .debug_abbrev  0x000008d1      0x174 main.o

.debug_aranges  0x00000000      0x338
 .debug_aranges
                0x00000000       0x30 startup.o
 .debug_aranges
                0x00000030       0x20 ./bare_metal_port/port_asm.o
 .debug_aranges
                0x00000050      0x180 ./FreeRTOS-Kernel/tasks.o
 .debug_aranges
                0x000001d0       0x40 ./FreeRTOS-Kernel/list.o
 .debug_aranges
                0x00000210       0x48 ./uart/uart_hal.o
 .debug_aranges
                0x00000258       0x28 ./bare_metal_port/port.o
 .debug_aranges
                0x00000280       0x20 ./bare_metal_port/port_systimer.o
 .debug_aranges
                0x000002a0       0x70 ./FreeRTOS-Kernel/portable/MemMang/heap_4.o
 .debug_aranges
                0x00000310       0x28 main.o

.debug_str      0x00000000    0x141a9
 .debug_str     0x00000000    0x141a9 startup.o
                                 0x3f (size before relaxing)
 .debug_str     0x000141a9        0x0 ./bare_metal_port/port_asm.o
                                 0x50 (size before relaxing)
 .debug_str     0x000141a9        0x0 ./FreeRTOS-Kernel/tasks.o
                              0x1326d (size before relaxing)
 .debug_str     0x000141a9        0x0 ./FreeRTOS-Kernel/list.o
                               0xfef2 (size before relaxing)
 .debug_str     0x000141a9        0x0 ./uart/uart_hal.o
                               0x3e19 (size before relaxing)
 .debug_str     0x000141a9        0x0 ./bare_metal_port/port.o
                              0x112c4 (size before relaxing)
 .debug_str     0x000141a9        0x0 ./bare_metal_port/port_systimer.o
                               0xcb58 (size before relaxing)
 .debug_str     0x000141a9        0x0 ./FreeRTOS-Kernel/portable/MemMang/heap_4.o
                              0x11a83 (size before relaxing)
 .debug_str     0x000141a9        0x0 main.o
                               0xe8b5 (size before relaxing)

.debug_rnglists
                0x00000000      0x256
 .debug_rnglists
                0x00000000       0x21 startup.o
 .debug_rnglists
                0x00000021      0x136 ./FreeRTOS-Kernel/tasks.o
 .debug_rnglists
                0x00000157       0x2e ./FreeRTOS-Kernel/list.o
 .debug_rnglists
                0x00000185       0x35 ./uart/uart_hal.o
 .debug_rnglists
                0x000001ba       0x19 ./bare_metal_port/port.o
 .debug_rnglists
                0x000001d3       0x14 ./bare_metal_port/port_systimer.o
 .debug_rnglists
                0x000001e7       0x55 ./FreeRTOS-Kernel/portable/MemMang/heap_4.o
 .debug_rnglists
                0x0000023c       0x1a main.o

.debug_macro    0x00000000     0x39a6
 .debug_macro   0x00000000      0x2b8 ./FreeRTOS-Kernel/tasks.o
 .debug_macro   0x000002b8      0x82c ./FreeRTOS-Kernel/tasks.o
 .debug_macro   0x00000ae4       0x19 ./FreeRTOS-Kernel/tasks.o
 .debug_macro   0x00000afd       0x22 ./FreeRTOS-Kernel/tasks.o
 .debug_macro   0x00000b1f       0x68 ./FreeRTOS-Kernel/tasks.o
 .debug_macro   0x00000b87       0x94 ./FreeRTOS-Kernel/tasks.o
 .debug_macro   0x00000c1b       0x3b ./FreeRTOS-Kernel/tasks.o
 .debug_macro   0x00000c56       0x34 ./FreeRTOS-Kernel/tasks.o
 .debug_macro   0x00000c8a       0x16 ./FreeRTOS-Kernel/tasks.o
 .debug_macro   0x00000ca0      0x11c ./FreeRTOS-Kernel/tasks.o
 .debug_macro   0x00000dbc       0xb0 ./FreeRTOS-Kernel/tasks.o
 .debug_macro   0x00000e6c       0x57 ./FreeRTOS-Kernel/tasks.o
 .debug_macro   0x00000ec3      0x364 ./FreeRTOS-Kernel/tasks.o
 .debug_macro   0x00001227       0x16 ./FreeRTOS-Kernel/tasks.o
 .debug_macro   0x0000123d       0x4a ./FreeRTOS-Kernel/tasks.o
 .debug_macro   0x00001287       0x34 ./FreeRTOS-Kernel/tasks.o
 .debug_macro   0x000012bb       0x10 ./FreeRTOS-Kernel/tasks.o
 .debug_macro   0x000012cb       0x58 ./FreeRTOS-Kernel/tasks.o
 .debug_macro   0x00001323      0x1e5 ./FreeRTOS-Kernel/tasks.o
 .debug_macro   0x00001508       0x16 ./FreeRTOS-Kernel/tasks.o
 .debug_macro   0x0000151e       0x29 ./FreeRTOS-Kernel/tasks.o
 .debug_macro   0x00001547       0x16 ./FreeRTOS-Kernel/tasks.o
 .debug_macro   0x0000155d       0x3c ./FreeRTOS-Kernel/tasks.o
 .debug_macro   0x00001599      0x103 ./FreeRTOS-Kernel/tasks.o
 .debug_macro   0x0000169c       0x6a ./FreeRTOS-Kernel/tasks.o
 .debug_macro   0x00001706      0x1df ./FreeRTOS-Kernel/tasks.o
 .debug_macro   0x000018e5       0x16 ./FreeRTOS-Kernel/tasks.o
 .debug_macro   0x000018fb       0x76 ./FreeRTOS-Kernel/tasks.o
 .debug_macro   0x00001971       0x34 ./FreeRTOS-Kernel/tasks.o
 .debug_macro   0x000019a5      0x182 ./FreeRTOS-Kernel/tasks.o
 .debug_macro   0x00001b27       0xce ./FreeRTOS-Kernel/tasks.o
 .debug_macro   0x00001bf5       0x3a ./FreeRTOS-Kernel/tasks.o
 .debug_macro   0x00001c2f       0x1f ./FreeRTOS-Kernel/tasks.o
 .debug_macro   0x00001c4e       0x12 ./FreeRTOS-Kernel/tasks.o
 .debug_macro   0x00001c60     0x116e ./FreeRTOS-Kernel/tasks.o
 .debug_macro   0x00002dce       0xc3 ./FreeRTOS-Kernel/tasks.o
 .debug_macro   0x00002e91      0x161 ./FreeRTOS-Kernel/tasks.o
 .debug_macro   0x00002ff2       0x98 ./FreeRTOS-Kernel/tasks.o
 .debug_macro   0x0000308a       0x17 ./FreeRTOS-Kernel/tasks.o
 .debug_macro   0x000030a1      0x193 ./FreeRTOS-Kernel/list.o
 .debug_macro   0x00003234       0x7e ./uart/uart_hal.o
 .debug_macro   0x000032b2       0x16 ./uart/uart_hal.o
 .debug_macro   0x000032c8       0x22 ./uart/uart_hal.o
 .debug_macro   0x000032ea       0x28 ./uart/uart_hal.o
 .debug_macro   0x00003312      0x1b9 ./bare_metal_port/port.o
 .debug_macro   0x000034cb       0x6e ./bare_metal_port/port.o
 .debug_macro   0x00003539       0xe0 ./bare_metal_port/port_systimer.o
 .debug_macro   0x00003619       0x7c ./bare_metal_port/port_systimer.o
 .debug_macro   0x00003695      0x229 ./FreeRTOS-Kernel/portable/MemMang/heap_4.o
 .debug_macro   0x000038be       0xe8 main.o

.debug_frame    0x00000000      0xb88
 .debug_frame   0x00000000      0x70c ./FreeRTOS-Kernel/tasks.o
 .debug_frame   0x0000070c       0xd8 ./FreeRTOS-Kernel/list.o
 .debug_frame   0x000007e4      0x108 ./uart/uart_hal.o
 .debug_frame   0x000008ec       0x54 ./bare_metal_port/port.o
 .debug_frame   0x00000940       0x38 ./bare_metal_port/port_systimer.o
 .debug_frame   0x00000978      0x1c8 ./FreeRTOS-Kernel/portable/MemMang/heap_4.o
 .debug_frame   0x00000b40       0x48 main.o
