Archive member included to satisfy reference by file (symbol)

/Users/lucabevivino/xpack_rv_gcc_15.2/bin/../lib/gcc/riscv-none-elf/15.2.0/../../../../riscv-none-elf/lib/libc.a(libc_a-memset.o)
                              ./build/./mdk/boot.o (memset)
/Users/lucabevivino/xpack_rv_gcc_15.2/bin/../lib/gcc/riscv-none-elf/15.2.0/../../../../riscv-none-elf/lib/libc.a(libc_a-memcpy.o)
                              ./build/./FreeRTOS-Kernel/queue.o (memcpy)
/Users/lucabevivino/xpack_rv_gcc_15.2/bin/../lib/gcc/riscv-none-elf/15.2.0/libgcc.a(_clzsi2.o)
                              ./build/./FreeRTOS-Kernel/tasks.o (__clzsi2)
/Users/lucabevivino/xpack_rv_gcc_15.2/bin/../lib/gcc/riscv-none-elf/15.2.0/libgcc.a(_udivdi3.o)
                              ./build/./uart/uart_hal.o (__udivdi3)
/Users/lucabevivino/xpack_rv_gcc_15.2/bin/../lib/gcc/riscv-none-elf/15.2.0/libgcc.a(_clz.o)
                              /Users/lucabevivino/xpack_rv_gcc_15.2/bin/../lib/gcc/riscv-none-elf/15.2.0/libgcc.a(_clzsi2.o) (__clz_tab)

Discarded input sections

 .text          0x00000000        0x0 ./build/./bare_metal_port/port_asm.o
 .data          0x00000000        0x0 ./build/./bare_metal_port/port_asm.o
 .bss           0x00000000        0x0 ./build/./bare_metal_port/port_asm.o
 .group         0x00000000        0xc ./build/./mdk/boot.o
 .group         0x00000000        0xc ./build/./mdk/boot.o
 .group         0x00000000        0xc ./build/./mdk/boot.o
 .group         0x00000000        0xc ./build/./mdk/boot.o
 .group         0x00000000        0xc ./build/./mdk/boot.o
 .group         0x00000000        0xc ./build/./mdk/boot.o
 .group         0x00000000        0xc ./build/./mdk/boot.o
 .group         0x00000000        0xc ./build/./mdk/boot.o
 .group         0x00000000        0xc ./build/./mdk/boot.o
 .group         0x00000000        0xc ./build/./mdk/boot.o
 .group         0x00000000        0xc ./build/./mdk/boot.o
 .group         0x00000000        0xc ./build/./mdk/boot.o
 .group         0x00000000        0xc ./build/./mdk/boot.o
 .group         0x00000000        0xc ./build/./mdk/boot.o
 .group         0x00000000        0xc ./build/./mdk/boot.o
 .group         0x00000000        0xc ./build/./mdk/boot.o
 .group         0x00000000        0xc ./build/./mdk/boot.o
 .group         0x00000000        0xc ./build/./mdk/boot.o
 .group         0x00000000        0xc ./build/./mdk/boot.o
 .group         0x00000000        0xc ./build/./mdk/boot.o
 .group         0x00000000        0xc ./build/./mdk/boot.o
 .group         0x00000000        0xc ./build/./mdk/boot.o
 .group         0x00000000        0xc ./build/./mdk/boot.o
 .group         0x00000000        0xc ./build/./mdk/boot.o
 .group         0x00000000        0xc ./build/./mdk/boot.o
 .group         0x00000000        0xc ./build/./mdk/boot.o
 .group         0x00000000        0xc ./build/./mdk/boot.o
 .group         0x00000000        0xc ./build/./mdk/boot.o
 .group         0x00000000        0xc ./build/./mdk/boot.o
 .group         0x00000000        0xc ./build/./mdk/boot.o
 .group         0x00000000        0xc ./build/./mdk/boot.o
 .group         0x00000000        0xc ./build/./mdk/boot.o
 .data          0x00000000        0x0 ./build/./mdk/boot.o
 .bss           0x00000000        0x0 ./build/./mdk/boot.o
 .group         0x00000000        0xc ./build/./FreeRTOS-Kernel/tasks.o
 .group         0x00000000        0xc ./build/./FreeRTOS-Kernel/tasks.o
 .group         0x00000000        0xc ./build/./FreeRTOS-Kernel/tasks.o
 .group         0x00000000        0xc ./build/./FreeRTOS-Kernel/tasks.o
 .group         0x00000000        0xc ./build/./FreeRTOS-Kernel/tasks.o
 .group         0x00000000        0xc ./build/./FreeRTOS-Kernel/tasks.o
 .group         0x00000000        0xc ./build/./FreeRTOS-Kernel/tasks.o
 .group         0x00000000        0xc ./build/./FreeRTOS-Kernel/tasks.o
 .group         0x00000000        0xc ./build/./FreeRTOS-Kernel/tasks.o
 .group         0x00000000        0xc ./build/./FreeRTOS-Kernel/tasks.o
 .group         0x00000000        0xc ./build/./FreeRTOS-Kernel/tasks.o
 .group         0x00000000        0xc ./build/./FreeRTOS-Kernel/tasks.o
 .group         0x00000000        0xc ./build/./FreeRTOS-Kernel/tasks.o
 .group         0x00000000        0xc ./build/./FreeRTOS-Kernel/tasks.o
 .group         0x00000000        0xc ./build/./FreeRTOS-Kernel/tasks.o
 .group         0x00000000        0xc ./build/./FreeRTOS-Kernel/tasks.o
 .group         0x00000000        0xc ./build/./FreeRTOS-Kernel/tasks.o
 .group         0x00000000        0xc ./build/./FreeRTOS-Kernel/tasks.o
 .group         0x00000000        0xc ./build/./FreeRTOS-Kernel/tasks.o
 .group         0x00000000        0xc ./build/./FreeRTOS-Kernel/tasks.o
 .group         0x00000000        0xc ./build/./FreeRTOS-Kernel/tasks.o
 .group         0x00000000        0xc ./build/./FreeRTOS-Kernel/tasks.o
 .group         0x00000000        0xc ./build/./FreeRTOS-Kernel/tasks.o
[...]
Memory Configuration

Name             Origin             Length             Attributes
iache            0x4037c000         0x00004000         xrw
iram             0x40380400         0x00008000         xrw
dram             0x3fc88000         0x00020000         rw
*default*        0x00000000         0xffffffff

Linker script and memory map

LOAD ./build/./bare_metal_port/port_asm.o
LOAD ./build/./mdk/boot.o
LOAD ./build/./FreeRTOS-Kernel/tasks.o
LOAD ./build/./FreeRTOS-Kernel/list.o
LOAD ./build/./FreeRTOS-Kernel/queue.o
LOAD ./build/./FreeRTOS-Kernel/timers.o
LOAD ./build/./FreeRTOS-Kernel/event_groups.o
LOAD ./build/./FreeRTOS-Kernel/stream_buffer.o
LOAD ./build/./FreeRTOS-Kernel/croutine.o
LOAD ./build/./uart/uart_hal.o
LOAD ./build/./bare_metal_port/port.o
LOAD ./build/./bare_metal_port/port_systimer.o
LOAD ./build/./FreeRTOS-Kernel/portable/MemMang/heap_4.o
LOAD ./build/main.o
LOAD /Users/lucabevivino/xpack_rv_gcc_15.2/bin/../lib/gcc/riscv-none-elf/15.2.0/../../../../riscv-none-elf/lib/libc.a
LOAD /Users/lucabevivino/xpack_rv_gcc_15.2/bin/../lib/gcc/riscv-none-elf/15.2.0/libgcc.a
LOAD /Users/lucabevivino/xpack_rv_gcc_15.2/bin/../lib/gcc/riscv-none-elf/15.2.0/libgcc.a
START GROUP
LOAD /Users/lucabevivino/xpack_rv_gcc_15.2/bin/../lib/gcc/riscv-none-elf/15.2.0/../../../../riscv-none-elf/lib/libc.a
END GROUP
LOAD /Users/lucabevivino/xpack_rv_gcc_15.2/bin/../lib/gcc/riscv-none-elf/15.2.0/libgcc.a
START GROUP
LOAD /Users/lucabevivino/xpack_rv_gcc_15.2/bin/../lib/gcc/riscv-none-elf/15.2.0/libgcc.a
LOAD /Users/lucabevivino/xpack_rv_gcc_15.2/bin/../lib/gcc/riscv-none-elf/15.2.0/../../../../riscv-none-elf/lib/libc.a
LOAD /Users/lucabevivino/xpack_rv_gcc_15.2/bin/../lib/gcc/riscv-none-elf/15.2.0/../../../../riscv-none-elf/lib/libnosys.a
END GROUP
                0x3fca8000                        _eram = (ORIGIN (dram) + LENGTH (dram))
                0x3fca8000                        __freertos_irq_stack_top = _eram
                [!provide]                        PROVIDE (__freertos_irq_stack_top = _eram)

.text           0x40380400     0x1788
                0x40380400                        . = ALIGN (0x100)
 *(.vectors)
 .vectors       0x40380400       0x80 ./build/./mdk/boot.o
                0x40380400                _vector_table
 *(.text)
 .text          0x40380480       0x14 ./build/./mdk/boot.o
                0x40380480                _reset
 .text          0x40380494       0xa8 /Users/lucabevivino/xpack_rv_gcc_15.2/bin/../lib/gcc/riscv-none-elf/15.2.0/../../../../riscv-none-elf/lib/libc.a(libc_a-memset.o)
                0x40380494                memset
 *(.text*)
 .text._start   0x4038053c       0xd4 ./build/./mdk/boot.o
                0x4038053c                _start
 .text.prvIdleTask
                0x40380610       0x1c ./build/./FreeRTOS-Kernel/tasks.o
 .text.prvAddCurrentTaskToDelayedList.isra.0
                0x4038062c       0xfc ./build/./FreeRTOS-Kernel/tasks.o
 .text.xTaskIncrementTick.part.0
                0x40380728      0x21c ./build/./FreeRTOS-Kernel/tasks.o
 .text.xTaskCreate
                0x40380944      0x2cc ./build/./FreeRTOS-Kernel/tasks.o
                0x40380944                xTaskCreate
 .text.vTaskStartScheduler
                0x40380c10       0x80 ./build/./FreeRTOS-Kernel/tasks.o
                0x40380c10                vTaskStartScheduler
 .text.vTaskSuspendAll
                0x40380c90       0x14 ./build/./FreeRTOS-Kernel/tasks.o
                0x40380c90                vTaskSuspendAll
 .text.xTaskResumeAll
                0x40380ca4      0x28c ./build/./FreeRTOS-Kernel/tasks.o
                0x40380ca4                xTaskResumeAll
 .text.vTaskDelay
                0x40380f30       0x40 ./build/./FreeRTOS-Kernel/tasks.o
                0x40380f30                vTaskDelay
 .text.xTaskIncrementTick
                0x40380f70       0x28 ./build/./FreeRTOS-Kernel/tasks.o
                0x40380f70                xTaskIncrementTick
 .text.vTaskSwitchContext
                0x40380f98       0x94 ./build/./FreeRTOS-Kernel/tasks.o
                0x40380f98                vTaskSwitchContext
 .text.vListInitialise
                0x4038102c       0x20 ./build/./FreeRTOS-Kernel/list.o
                0x4038102c                vListInitialise
 .text.vListInitialiseItem
                0x4038104c        0x8 ./build/./FreeRTOS-Kernel/list.o
                0x4038104c                vListInitialiseItem
 .text.vListInsert
                0x40381054       0x50 ./build/./FreeRTOS-Kernel/list.o
                0x40381054                vListInsert
 .text.uxListRemove
                0x403810a4       0x48 ./build/./FreeRTOS-Kernel/list.o
                0x403810a4                uxListRemove
 .text.hal_uart_init
                0x403810ec      0x204 ./build/./uart/uart_hal.o
                0x403810ec                hal_uart_init
 .text.hal_gpio_uart_setup
                0x403812f0       0x28 ./build/./uart/uart_hal.o
                0x403812f0                hal_gpio_uart_setup
 .text.hal_uart_write_byte
                0x40381318       0x18 ./build/./uart/uart_hal.o
                0x40381318                hal_uart_write_byte
 .text.xPortStartScheduler
                0x40381330       0x20 ./build/./bare_metal_port/port.o
                0x40381330                xPortStartScheduler
 .text.portSetupSystimerInterrupt
                0x40381350      0x104 ./build/./bare_metal_port/port_systimer.o
                0x40381350                portSetupSystimerInterrupt
 .text.pvPortMalloc
                0x40381454      0x1dc ./build/./FreeRTOS-Kernel/portable/MemMang/heap_4.o
                0x40381454                pvPortMalloc
 .text.vPortFree
                0x40381630       0xfc ./build/./FreeRTOS-Kernel/portable/MemMang/heap_4.o
                0x40381630                vPortFree
 .text.uart_task
                0x4038172c       0x2c ./build/main.o
                0x4038172c                uart_task
 .text.startup.main
                0x40381758       0x54 ./build/main.o
                0x40381758                main
 .text.__clzsi2
                0x403817ac       0x6e /Users/lucabevivino/xpack_rv_gcc_15.2/bin/../lib/gcc/riscv-none-elf/15.2.0/libgcc.a(_clzsi2.o)
                0x403817ac                __clzsi2
 .text.__udivdi3
                0x4038181a      0x36e /Users/lucabevivino/xpack_rv_gcc_15.2/bin/../lib/gcc/riscv-none-elf/15.2.0/libgcc.a(_udivdi3.o)
                0x4038181a                __udivdi3

.iram           0x40381c00      0x83c
 .iram          0x40381c00      0x83c ./build/./bare_metal_port/port_asm.o
                0x40381c00                pxPortInitialiseStack
                0x40381c2c                xPortStartFirstTask
                0x40381ccc                freertos_risc_v_application_exception_handler
                0x40381cdc                freertos_risc_v_application_interrupt_handler
                0x40381cec                freertos_risc_v_exception_handler
                0x40381eec                freertos_risc_v_interrupt_handler
                0x40382038                freertos_risc_v_mtimer_interrupt_handler
                0x40382200                freertos_risc_v_trap_handler

.rela.dyn       0x4038243c        0x0
 .rela.text     0x4038243c        0x0 ./build/./bare_metal_port/port_asm.o
 .rela.text._start
                0x4038243c        0x0 ./build/./bare_metal_port/port_asm.o
 .rela.srodata.xISRStackTop
                0x4038243c        0x0 ./build/./bare_metal_port/port_asm.o

.data           0x3fc88000      0x430
                0x3fc88000                        . = ALIGN (0x10)
                0x3fc88000                        _sdata = .
                0x3fc88800                        __global_pointer$ = (. + 0x800)
 *(.data)
 *(.data*)
 *(.sdata)
 *(.sdata*)
 .sdata.pxCriticalNesting
                0x3fc88000        0x4 ./build/./bare_metal_port/port.o
                0x3fc88000                pxCriticalNesting
 .sdata.xCriticalNesting
                0x3fc88004        0x4 ./build/./bare_metal_port/port.o
                0x3fc88004                xCriticalNesting
 *(.srodata)
 *(.srodata*)
 .srodata.uxTopUsedPriority
                0x3fc88008        0x4 ./build/./FreeRTOS-Kernel/tasks.o
 .srodata.xISRStackTop
                0x3fc8800c        0x4 ./build/./bare_metal_port/port.o
                0x3fc8800c                xISRStackTop
 *(.rodata)
 *(.rodata*)
 .rodata.main.str1.4
                0x3fc88010        0xa ./build/main.o
 *fill*         0x3fc8801a        0x2 
 .rodata.__clz_tab
                0x3fc8801c      0x100 /Users/lucabevivino/xpack_rv_gcc_15.2/bin/../lib/gcc/riscv-none-elf/15.2.0/libgcc.a(_clz.o)
                0x3fc8801c                __clz_tab
 *(.gnu.linkonce.r.*)
 *(.rodata1)
 *(.riscv.*)
 .riscv.attributes
                0x3fc8811c       0x35 ./build/./bare_metal_port/port_asm.o
 .riscv.attributes
                0x3fc88151       0x37 ./build/./mdk/boot.o
 .riscv.attributes
                0x3fc88188       0x37 ./build/./FreeRTOS-Kernel/tasks.o
 .riscv.attributes
                0x3fc881bf       0x33 ./build/./FreeRTOS-Kernel/list.o
 .riscv.attributes
                0x3fc881f2       0x33 ./build/./uart/uart_hal.o
 .riscv.attributes
                0x3fc88225       0x33 ./build/./bare_metal_port/port.o
 .riscv.attributes
                0x3fc88258       0x37 ./build/./bare_metal_port/port_systimer.o
 .riscv.attributes
                0x3fc8828f       0x37 ./build/./FreeRTOS-Kernel/portable/MemMang/heap_4.o
 .riscv.attributes
                0x3fc882c6       0x33 ./build/main.o
 .riscv.attributes
                0x3fc882f9       0x4c /Users/lucabevivino/xpack_rv_gcc_15.2/bin/../lib/gcc/riscv-none-elf/15.2.0/../../../../riscv-none-elf/lib/libc.a(libc_a-memset.o)
 .riscv.attributes
                0x3fc88345       0x4e /Users/lucabevivino/xpack_rv_gcc_15.2/bin/../lib/gcc/riscv-none-elf/15.2.0/libgcc.a(_clzsi2.o)
 .riscv.attributes
                0x3fc88393       0x4e /Users/lucabevivino/xpack_rv_gcc_15.2/bin/../lib/gcc/riscv-none-elf/15.2.0/libgcc.a(_udivdi3.o)
 .riscv.attributes
                0x3fc883e1       0x4e /Users/lucabevivino/xpack_rv_gcc_15.2/bin/../lib/gcc/riscv-none-elf/15.2.0/libgcc.a(_clz.o)
                0x3fc88430                        . = ALIGN (0x10)
 *fill*         0x3fc8842f        0x1 
                0x3fc88430                        _edata = .

.bss            0x3fc88430     0xa110
                0x3fc88430                        . = ALIGN (0x10)
                0x3fc88430                        _sbss = .
 *(.bss)
 *(.bss*)
 .bss.xPendingReadyList
                0x3fc88430       0x14 ./build/./FreeRTOS-Kernel/tasks.o
 .bss.xDelayedTaskList2
                0x3fc88444       0x14 ./build/./FreeRTOS-Kernel/tasks.o
 .bss.xDelayedTaskList1
                0x3fc88458       0x14 ./build/./FreeRTOS-Kernel/tasks.o
 .bss.pxReadyTasksLists
                0x3fc8846c       0x64 ./build/./FreeRTOS-Kernel/tasks.o
 .bss.ucHeap    0x3fc884d0     0xa000 ./build/./FreeRTOS-Kernel/portable/MemMang/heap_4.o
 .bss.cfg.0     0x3fc924d0       0x18 ./build/main.o
 *(.sbss)
 *(.sbss*)
 .sbss.uxSchedulerSuspended
                0x3fc924e8        0x4 ./build/./FreeRTOS-Kernel/tasks.o
 .sbss.xIdleTaskHandles
                0x3fc924ec        0x4 ./build/./FreeRTOS-Kernel/tasks.o
 .sbss.xNextTaskUnblockTime
                0x3fc924f0        0x4 ./build/./FreeRTOS-Kernel/tasks.o
 .sbss.uxTaskNumber
                0x3fc924f4        0x4 ./build/./FreeRTOS-Kernel/tasks.o
 .sbss.xNumOfOverflows
                0x3fc924f8        0x4 ./build/./FreeRTOS-Kernel/tasks.o
 .sbss.xYieldPendings
                0x3fc924fc        0x4 ./build/./FreeRTOS-Kernel/tasks.o
 .sbss.xPendedTicks
                0x3fc92500        0x4 ./build/./FreeRTOS-Kernel/tasks.o
 .sbss.xSchedulerRunning
                0x3fc92504        0x4 ./build/./FreeRTOS-Kernel/tasks.o
 .sbss.uxTopReadyPriority
                0x3fc92508        0x4 ./build/./FreeRTOS-Kernel/tasks.o
 .sbss.xTickCount
                0x3fc9250c        0x4 ./build/./FreeRTOS-Kernel/tasks.o
 .sbss.uxCurrentNumberOfTasks
                0x3fc92510        0x4 ./build/./FreeRTOS-Kernel/tasks.o
 .sbss.pxOverflowDelayedTaskList
                0x3fc92514        0x4 ./build/./FreeRTOS-Kernel/tasks.o
 .sbss.pxDelayedTaskList
                0x3fc92518        0x4 ./build/./FreeRTOS-Kernel/tasks.o
 .sbss.pxCurrentTCB
                0x3fc9251c        0x4 ./build/./FreeRTOS-Kernel/tasks.o
                0x3fc9251c                pxCurrentTCB
 .sbss.xTaskReturnAddress
                0x3fc92520        0x4 ./build/./bare_metal_port/port.o
                0x3fc92520                xTaskReturnAddress
 .sbss.xNumberOfSuccessfulFrees
                0x3fc92524        0x4 ./build/./FreeRTOS-Kernel/portable/MemMang/heap_4.o
 .sbss.xNumberOfSuccessfulAllocations
                0x3fc92528        0x4 ./build/./FreeRTOS-Kernel/portable/MemMang/heap_4.o
 .sbss.xMinimumEverFreeBytesRemaining
                0x3fc9252c        0x4 ./build/./FreeRTOS-Kernel/portable/MemMang/heap_4.o
 .sbss.xFreeBytesRemaining
                0x3fc92530        0x4 ./build/./FreeRTOS-Kernel/portable/MemMang/heap_4.o
 .sbss.pxEnd    0x3fc92534        0x4 ./build/./FreeRTOS-Kernel/portable/MemMang/heap_4.o
 .sbss.xStart   0x3fc92538        0x8 ./build/./FreeRTOS-Kernel/portable/MemMang/heap_4.o
 *(COMMON)
                0x3fc92540                        . = ALIGN (0x10)
                0x3fc92540                        _ebss = .
                0x3fc92540                        . = ALIGN (0x10)
                [!provide]                        PROVIDE (end = .)
                [!provide]                        PROVIDE (_end = .)
OUTPUT(build/freertos_esp32c3.elf elf32-littleriscv)

.debug_line     0x00000000     0x57dc
 .debug_line    0x00000000      0x29d ./build/./bare_metal_port/port_asm.o
 .debug_line    0x0000029d      0x267 ./build/./mdk/boot.o
 .debug_line    0x00000504     0x37a6 ./build/./FreeRTOS-Kernel/tasks.o
 .debug_line    0x00003caa      0x44b ./build/./FreeRTOS-Kernel/list.o
 .debug_line    0x000040f5      0x5b2 ./build/./uart/uart_hal.o
 .debug_line    0x000046a7      0x151 ./build/./bare_metal_port/port.o
 .debug_line    0x000047f8      0x231 ./build/./bare_metal_port/port_systimer.o
 .debug_line    0x00004a29      0xbd8 ./build/./FreeRTOS-Kernel/portable/MemMang/heap_4.o
 .debug_line    0x00005601      0x1db ./build/main.o

.debug_line_str
                0x00000000      0x409
 .debug_line_str
                0x00000000      0x409 ./build/./bare_metal_port/port_asm.o
                                 0x44 (size before relaxing)
 .debug_line_str
                0x00000409        0x0 ./build/./mdk/boot.o
                                0x240 (size before relaxing)
 .debug_line_str
                0x00000409        0x0 ./build/./FreeRTOS-Kernel/tasks.o
                                0x2ed (size before relaxing)
 .debug_line_str
                0x00000409        0x0 ./build/./FreeRTOS-Kernel/list.o
                                0x2a4 (size before relaxing)
 .debug_line_str
                0x00000409        0x0 ./build/./uart/uart_hal.o
                                0x1c4 (size before relaxing)
 .debug_line_str
                0x00000409        0x0 ./build/./bare_metal_port/port.o
                                0x2b6 (size before relaxing)
 .debug_line_str
                0x00000409        0x0 ./build/./bare_metal_port/port_systimer.o
                                0x27e (size before relaxing)
 .debug_line_str
                0x00000409        0x0 ./build/./FreeRTOS-Kernel/portable/MemMang/heap_4.o
                                0x2f9 (size before relaxing)
 .debug_line_str
                0x00000409        0x0 ./build/main.o
                                0x24e (size before relaxing)

.debug_info     0x00000000     0x34e0
 .debug_info    0x00000000       0x25 ./build/./bare_metal_port/port_asm.o
 .debug_info    0x00000025      0x155 ./build/./mdk/boot.o
 .debug_info    0x0000017a     0x1e28 ./build/./FreeRTOS-Kernel/tasks.o
 .debug_info    0x00001fa2      0x2c3 ./build/./FreeRTOS-Kernel/list.o
 .debug_info    0x00002265      0x688 ./build/./uart/uart_hal.o
 .debug_info    0x000028ed      0x1a4 ./build/./bare_metal_port/port.o
 .debug_info    0x00002a91       0xc2 ./build/./bare_metal_port/port_systimer.o
 .debug_info    0x00002b53      0x622 ./build/./FreeRTOS-Kernel/portable/MemMang/heap_4.o
 .debug_info    0x00003175      0x36b ./build/main.o

.debug_abbrev   0x00000000      0xe90
 .debug_abbrev  0x00000000       0x14 ./build/./bare_metal_port/port_asm.o
 .debug_abbrev  0x00000014      0x11b ./build/./mdk/boot.o
 .debug_abbrev  0x0000012f      0x4a7 ./build/./FreeRTOS-Kernel/tasks.o
 .debug_abbrev  0x000005d6      0x10b ./build/./FreeRTOS-Kernel/list.o
 .debug_abbrev  0x000006e1      0x1cf ./build/./uart/uart_hal.o
 .debug_abbrev  0x000008b0       0xe5 ./build/./bare_metal_port/port.o
 .debug_abbrev  0x00000995       0x6b ./build/./bare_metal_port/port_systimer.o
 .debug_abbrev  0x00000a00      0x2e0 ./build/./FreeRTOS-Kernel/portable/MemMang/heap_4.o
 .debug_abbrev  0x00000ce0      0x1b0 ./build/main.o

.debug_aranges  0x00000000      0x2e8
 .debug_aranges
                0x00000000       0x20 ./build/./bare_metal_port/port_asm.o
 .debug_aranges
                0x00000020       0x20 ./build/./mdk/boot.o
 .debug_aranges
                0x00000040      0x150 ./build/./FreeRTOS-Kernel/tasks.o
 .debug_aranges
                0x00000190       0x40 ./build/./FreeRTOS-Kernel/list.o
 .debug_aranges
                0x000001d0       0x48 ./build/./uart/uart_hal.o
 .debug_aranges
                0x00000218       0x28 ./build/./bare_metal_port/port.o
 .debug_aranges
                0x00000240       0x20 ./build/./bare_metal_port/port_systimer.o
 .debug_aranges
                0x00000260       0x60 ./build/./FreeRTOS-Kernel/portable/MemMang/heap_4.o
 .debug_aranges
                0x000002c0       0x28 ./build/main.o

.debug_str      0x00000000    0x14f5c
 .debug_str     0x00000000    0x14f5c ./build/./bare_metal_port/port_asm.o
                                 0x50 (size before relaxing)
 .debug_str     0x00014f5c        0x0 ./build/./mdk/boot.o
                               0x752e (size before relaxing)
 .debug_str     0x00014f5c        0x0 ./build/./FreeRTOS-Kernel/tasks.o
                              0x132a8 (size before relaxing)
 .debug_str     0x00014f5c        0x0 ./build/./FreeRTOS-Kernel/list.o
                               0xff13 (size before relaxing)
 .debug_str     0x00014f5c        0x0 ./build/./uart/uart_hal.o
                               0x3f78 (size before relaxing)
 .debug_str     0x00014f5c        0x0 ./build/./bare_metal_port/port.o
                              0x112e7 (size before relaxing)
 .debug_str     0x00014f5c        0x0 ./build/./bare_metal_port/port_systimer.o
                               0xcc3b (size before relaxing)
 .debug_str     0x00014f5c        0x0 ./build/./FreeRTOS-Kernel/portable/MemMang/heap_4.o
                              0x11ab5 (size before relaxing)
 .debug_str     0x00014f5c        0x0 ./build/main.o
                               0xea58 (size before relaxing)

.debug_rnglists
                0x00000000      0x5d2
 .debug_rnglists
                0x00000000       0x41 ./build/./mdk/boot.o
 .debug_rnglists
                0x00000041      0x476 ./build/./FreeRTOS-Kernel/tasks.o
 .debug_rnglists
                0x000004b7       0x2b ./build/./FreeRTOS-Kernel/list.o
 .debug_rnglists
                0x000004e2       0x43 ./build/./uart/uart_hal.o
 .debug_rnglists
                0x00000525       0x19 ./build/./bare_metal_port/port.o
 .debug_rnglists
                0x0000053e       0x14 ./build/./bare_metal_port/port_systimer.o
 .debug_rnglists
                0x00000552       0x67 ./build/./FreeRTOS-Kernel/portable/MemMang/heap_4.o
 .debug_rnglists
                0x000005b9       0x19 ./build/main.o

.debug_macro    0x00000000     0x41c8
 .debug_macro   0x00000000      0x1a2 ./build/./mdk/boot.o
 .debug_macro   0x000001a2      0x82c ./build/./mdk/boot.o
 .debug_macro   0x000009ce       0x5f ./build/./mdk/boot.o
 .debug_macro   0x00000a2d       0x10 ./build/./mdk/boot.o
 .debug_macro   0x00000a3d       0x22 ./build/./mdk/boot.o
 .debug_macro   0x00000a5f       0x8e ./build/./mdk/boot.o
 .debug_macro   0x00000aed       0x51 ./build/./mdk/boot.o
 .debug_macro   0x00000b3e      0x103 ./build/./mdk/boot.o
 .debug_macro   0x00000c41       0x6a ./build/./mdk/boot.o
 .debug_macro   0x00000cab      0x1df ./build/./mdk/boot.o
 .debug_macro   0x00000e8a       0x6e ./build/./mdk/boot.o
 .debug_macro   0x00000ef8       0x19 ./build/./mdk/boot.o
 .debug_macro   0x00000f11       0x3b ./build/./mdk/boot.o
 .debug_macro   0x00000f4c       0x34 ./build/./mdk/boot.o
 .debug_macro   0x00000f80       0x16 ./build/./mdk/boot.o
 .debug_macro   0x00000f96       0x9e ./build/./mdk/boot.o
 .debug_macro   0x00001034      0x364 ./build/./mdk/boot.o
 .debug_macro   0x00001398      0x127 ./build/./mdk/boot.o
 .debug_macro   0x000014bf       0x16 ./build/./mdk/boot.o
 .debug_macro   0x000014d5       0x4a ./build/./mdk/boot.o
 .debug_macro   0x0000151f       0x34 ./build/./mdk/boot.o
 .debug_macro   0x00001553       0x10 ./build/./mdk/boot.o
 .debug_macro   0x00001563       0x58 ./build/./mdk/boot.o
 .debug_macro   0x000015bb      0x1e5 ./build/./mdk/boot.o
 .debug_macro   0x000017a0       0x16 ./build/./mdk/boot.o
 .debug_macro   0x000017b6       0x16 ./build/./mdk/boot.o
 .debug_macro   0x000017cc      0x170 ./build/./mdk/boot.o
 .debug_macro   0x0000193c       0x16 ./build/./mdk/boot.o
 .debug_macro   0x00001952       0x3c ./build/./mdk/boot.o
 .debug_macro   0x0000198e       0x16 ./build/./mdk/boot.o
 .debug_macro   0x000019a4       0x29 ./build/./mdk/boot.o
 .debug_macro   0x000019cd       0x16 ./build/./mdk/boot.o
 .debug_macro   0x000019e3      0x11a ./build/./mdk/boot.o
 .debug_macro   0x00001afd      0x2b8 ./build/./FreeRTOS-Kernel/tasks.o
 .debug_macro   0x00001db5       0x68 ./build/./FreeRTOS-Kernel/tasks.o
 .debug_macro   0x00001e1d       0x94 ./build/./FreeRTOS-Kernel/tasks.o
 .debug_macro   0x00001eb1      0x11c ./build/./FreeRTOS-Kernel/tasks.o
 .debug_macro   0x00001fcd       0xb0 ./build/./FreeRTOS-Kernel/tasks.o
 .debug_macro   0x0000207d       0x57 ./build/./FreeRTOS-Kernel/tasks.o
 .debug_macro   0x000020d4       0x16 ./build/./FreeRTOS-Kernel/tasks.o
 .debug_macro   0x000020ea       0x7c ./build/./FreeRTOS-Kernel/tasks.o
 .debug_macro   0x00002166       0x34 ./build/./FreeRTOS-Kernel/tasks.o
 .debug_macro   0x0000219a      0x182 ./build/./FreeRTOS-Kernel/tasks.o
 .debug_macro   0x0000231c       0xcd ./build/./FreeRTOS-Kernel/tasks.o
 .debug_macro   0x000023e9       0x3a ./build/./FreeRTOS-Kernel/tasks.o
 .debug_macro   0x00002423       0x1f ./build/./FreeRTOS-Kernel/tasks.o
 .debug_macro   0x00002442       0x12 ./build/./FreeRTOS-Kernel/tasks.o
 .debug_macro   0x00002454     0x116e ./build/./FreeRTOS-Kernel/tasks.o
 .debug_macro   0x000035c2       0xc3 ./build/./FreeRTOS-Kernel/tasks.o
 .debug_macro   0x00003685      0x161 ./build/./FreeRTOS-Kernel/tasks.o
 .debug_macro   0x000037e6       0x98 ./build/./FreeRTOS-Kernel/tasks.o
 .debug_macro   0x0000387e       0x17 ./build/./FreeRTOS-Kernel/tasks.o
 .debug_macro   0x00003895      0x193 ./build/./FreeRTOS-Kernel/list.o
 .debug_macro   0x00003a28       0x7e ./build/./uart/uart_hal.o
 .debug_macro   0x00003aa6       0x16 ./build/./uart/uart_hal.o
 .debug_macro   0x00003abc       0x7c ./build/./uart/uart_hal.o
 .debug_macro   0x00003b38       0x28 ./build/./uart/uart_hal.o
 .debug_macro   0x00003b60      0x1b9 ./build/./bare_metal_port/port.o
 .debug_macro   0x00003d19       0xe9 ./build/./bare_metal_port/port_systimer.o
 .debug_macro   0x00003e02       0xac ./build/./bare_metal_port/port_systimer.o
 .debug_macro   0x00003eae      0x229 ./build/./FreeRTOS-Kernel/portable/MemMang/heap_4.o
 .debug_macro   0x000040d7       0xf1 ./build/main.o

.comment        0x00000000       0x32
 .comment       0x00000000       0x32 ./build/./mdk/boot.o
                                 0x33 (size before relaxing)
 .comment       0x00000032        0x0 ./build/./FreeRTOS-Kernel/tasks.o
                                 0x33 (size before relaxing)
 .comment       0x00000032        0x0 ./build/./FreeRTOS-Kernel/list.o
                                 0x33 (size before relaxing)
 .comment       0x00000032        0x0 ./build/./uart/uart_hal.o
                                 0x33 (size before relaxing)
 .comment       0x00000032        0x0 ./build/./bare_metal_port/port.o
                                 0x33 (size before relaxing)
 .comment       0x00000032        0x0 ./build/./bare_metal_port/port_systimer.o
                                 0x33 (size before relaxing)
 .comment       0x00000032        0x0 ./build/./FreeRTOS-Kernel/portable/MemMang/heap_4.o
                                 0x33 (size before relaxing)
 .comment       0x00000032        0x0 ./build/main.o
                                 0x33 (size before relaxing)
 .comment       0x00000032        0x0 /Users/lucabevivino/xpack_rv_gcc_15.2/bin/../lib/gcc/riscv-none-elf/15.2.0/libgcc.a(_clzsi2.o)
                                 0x33 (size before relaxing)
 .comment       0x00000032        0x0 /Users/lucabevivino/xpack_rv_gcc_15.2/bin/../lib/gcc/riscv-none-elf/15.2.0/libgcc.a(_udivdi3.o)
                                 0x33 (size before relaxing)
 .comment       0x00000032        0x0 /Users/lucabevivino/xpack_rv_gcc_15.2/bin/../lib/gcc/riscv-none-elf/15.2.0/libgcc.a(_clz.o)
                                 0x33 (size before relaxing)

.note.GNU-stack
                0x00000000        0x0
 .note.GNU-stack
                0x00000000        0x0 ./build/./mdk/boot.o
 .note.GNU-stack
                0x00000000        0x0 ./build/./FreeRTOS-Kernel/tasks.o
 .note.GNU-stack
                0x00000000        0x0 ./build/./FreeRTOS-Kernel/list.o
 .note.GNU-stack
                0x00000000        0x0 ./build/./uart/uart_hal.o
 .note.GNU-stack
                0x00000000        0x0 ./build/./bare_metal_port/port.o
 .note.GNU-stack
                0x00000000        0x0 ./build/./bare_metal_port/port_systimer.o
 .note.GNU-stack
                0x00000000        0x0 ./build/./FreeRTOS-Kernel/portable/MemMang/heap_4.o
 .note.GNU-stack
                0x00000000        0x0 ./build/main.o
 .note.GNU-stack
                0x00000000        0x0 /Users/lucabevivino/xpack_rv_gcc_15.2/bin/../lib/gcc/riscv-none-elf/15.2.0/libgcc.a(_clzsi2.o)
 .note.GNU-stack
                0x00000000        0x0 /Users/lucabevivino/xpack_rv_gcc_15.2/bin/../lib/gcc/riscv-none-elf/15.2.0/libgcc.a(_udivdi3.o)
 .note.GNU-stack
                0x00000000        0x0 /Users/lucabevivino/xpack_rv_gcc_15.2/bin/../lib/gcc/riscv-none-elf/15.2.0/libgcc.a(_clz.o)

.debug_frame    0x00000000      0x684
 .debug_frame   0x00000000       0x28 ./build/./mdk/boot.o
 .debug_frame   0x00000028      0x3d4 ./build/./FreeRTOS-Kernel/tasks.o
 .debug_frame   0x000003fc       0x60 ./build/./FreeRTOS-Kernel/list.o
 .debug_frame   0x0000045c       0x90 ./build/./uart/uart_hal.o
 .debug_frame   0x000004ec       0x3c ./build/./bare_metal_port/port.o
 .debug_frame   0x00000528       0x20 ./build/./bare_metal_port/port_systimer.o
 .debug_frame   0x00000548       0xfc ./build/./FreeRTOS-Kernel/portable/MemMang/heap_4.o
 .debug_frame   0x00000644       0x40 ./build/main.o

.debug_loclists
                0x00000000     0x1d27
 .debug_loclists
                0x00000000     0x1683 ./build/./FreeRTOS-Kernel/tasks.o
 .debug_loclists
                0x00001683       0x7c ./build/./FreeRTOS-Kernel/list.o
 .debug_loclists
                0x000016ff      0x18f ./build/./uart/uart_hal.o
 .debug_loclists
                0x0000188e      0x463 ./build/./FreeRTOS-Kernel/portable/MemMang/heap_4.o
 .debug_loclists
                0x00001cf1       0x36 ./build/main.o
